
Note: Compatibility modes selected: hs a


Circuit: * tb_inductor_model_check -- known-answer + pvt check of sg13g2_inductor_analytic

Doing analysis at TEMP = -40.000000 and TNOM = 27.000000

Using SPARSE 1.3 as Direct Linear Solver

No. of Data Rows : 1739
srf_p1              =  2.40397e+11
srf_p13             =  1.43288e+10
srf_p11             =  1.41343e+10
l_p1_1g             =  1.03758e-10
l_p1_5g             =  1.03499e-10
l_p1_10g            =  1.02902e-10
q_p1_1g             =  2.61485e+00
q_p1_5g             =  1.13380e+01
q_p1_10g            =  1.70451e+01
zr_p1_1g            =  2.49319e-01
zi_p1_1g            =  6.51930e-01
zr_p1_5g            =  2.86780e-01
zi_p1_5g            =  3.25150e+00
zr_p1_10g           =  3.79318e-01
zi_p1_10g           =  6.46554e+00
zr_p1_20g           =  5.81626e-01
zi_p1_20g           =  1.28169e+01
l_p13_1g            =  5.44793e-09
l_p13_5g            =  6.16566e-09
l_p13_10g           =  1.03095e-08
q_p13_1g            =  5.61790e+00
q_p13_5g            =  1.26665e+01
q_p13_10g           =  5.91528e+00
zr_p13_1g           =  6.09309e+00
zi_p13_1g           =  3.42304e+01
zr_p13_5g           =  1.52923e+01
zi_p13_5g           =  1.93700e+02
zr_p13_10g          =  1.09515e+02
zi_p13_10g          =  6.47771e+02
zr_p13_20g          =  1.05748e+02
zi_p13_20g          =  -7.03490e+02
l_p11_1g            =  4.60305e-09
l_p11_5g            =  5.23027e-09
l_p11_10g           =  8.94890e-09
q_p11_1g            =  7.00334e+00
q_p11_5g            =  1.40727e+01
q_p11_10g           =  6.01007e+00
zr_p11_1g           =  4.12971e+00
zi_p11_1g           =  2.89218e+01
zr_p11_5g           =  1.16761e+01
zi_p11_5g           =  1.64314e+02
zr_p11_10g          =  9.35628e+01
zi_p11_10g          =  5.62281e+02
zr_p11_20g          =  7.95599e+01
zi_p11_20g          =  -5.63745e+02
Doing analysis at TEMP = -40.000000 and TNOM = 27.000000

Using SPARSE 1.3 as Direct Linear Solver

No. of Data Rows : 174
Note: Simulation executed from .control section 
