
Note: Compatibility modes selected: hs a


Circuit: * tb_inductor_model_check -- known-answer + pvt check of sg13g2_inductor_analytic

Doing analysis at TEMP = -40.000000 and TNOM = 27.000000

Using SPARSE 1.3 as Direct Linear Solver

No. of Data Rows : 1739
srf_p1              =  2.40642e+11
srf_p13             =  1.42752e+10
srf_p11             =  1.40795e+10
l_p1_1g             =  1.03749e-10
l_p1_5g             =  1.03294e-10
l_p1_10g            =  1.02392e-10
q_p1_1g             =  3.42992e+00
q_p1_5g             =  1.36904e+01
q_p1_10g            =  1.90181e+01
zr_p1_1g            =  1.90054e-01
zi_p1_1g            =  6.51871e-01
zr_p1_5g            =  2.37032e-01
zi_p1_5g            =  3.24508e+00
zr_p1_10g           =  3.38282e-01
zi_p1_10g           =  6.43349e+00
zr_p1_20g           =  5.19403e-01
zi_p1_20g           =  1.27377e+01
l_p13_1g            =  5.45919e-09
l_p13_5g            =  6.20509e-09
l_p13_10g           =  1.01519e-08
q_p13_1g            =  6.99773e+00
q_p13_5g            =  1.07367e+01
q_p13_10g           =  4.06592e+00
zr_p13_1g           =  4.90174e+00
zi_p13_1g           =  3.43011e+01
zr_p13_5g           =  1.81564e+01
zi_p13_5g           =  1.94939e+02
zr_p13_10g          =  1.56892e+02
zi_p13_10g          =  6.37868e+02
zr_p13_20g          =  1.58018e+02
zi_p13_20g          =  -6.76811e+02
l_p11_1g            =  4.61270e-09
l_p11_5g            =  5.26484e-09
l_p11_10g           =  8.80463e-09
q_p11_1g            =  8.84136e+00
q_p11_5g            =  1.15201e+01
q_p11_10g           =  4.03663e+00
zr_p11_1g           =  3.27805e+00
zi_p11_1g           =  2.89824e+01
zr_p11_5g           =  1.43577e+01
zi_p11_5g           =  1.65400e+02
zr_p11_10g          =  1.37059e+02
zi_p11_10g          =  5.53216e+02
zr_p11_20g          =  1.20482e+02
zi_p11_20g          =  -5.43838e+02
Doing analysis at TEMP = -40.000000 and TNOM = 27.000000

Using SPARSE 1.3 as Direct Linear Solver

No. of Data Rows : 174
Note: Simulation executed from .control section 
