
Note: Compatibility modes selected: hs a


Circuit: * tb_inductor_model_check -- known-answer + pvt check of sg13g2_inductor_analytic

Doing analysis at TEMP = 125.000000 and TNOM = 27.000000

Using SPARSE 1.3 as Direct Linear Solver

No. of Data Rows : 1739
srf_p1              =  2.40088e+11
srf_p13             =  1.42412e+10
srf_p11             =  1.40518e+10
l_p1_1g             =  1.03764e-10
l_p1_5g             =  1.03650e-10
l_p1_10g            =  1.03351e-10
q_p1_1g             =  1.87829e+00
q_p1_5g             =  8.67722e+00
q_p1_10g            =  1.43366e+01
zr_p1_1g            =  3.47109e-01
zi_p1_1g            =  6.51970e-01
zr_p1_5g            =  3.75266e-01
zi_p1_5g            =  3.25627e+00
zr_p1_10g           =  4.52947e-01
zi_p1_10g           =  6.49373e+00
zr_p1_20g           =  6.66593e-01
zi_p1_20g           =  1.29143e+01
l_p13_1g            =  5.45295e-09
l_p13_5g            =  6.19543e-09
l_p13_10g           =  1.01320e-08
q_p13_1g            =  3.86122e+00
q_p13_5g            =  8.51324e+00
q_p13_10g           =  3.76168e+00
zr_p13_1g           =  8.87334e+00
zi_p13_1g           =  3.42619e+01
zr_p13_5g           =  2.28627e+01
zi_p13_5g           =  1.94635e+02
zr_p13_10g          =  1.69248e+02
zi_p13_10g          =  6.36616e+02
zr_p13_20g          =  1.59773e+02
zi_p13_20g          =  -6.71943e+02
l_p11_1g            =  4.60873e-09
l_p11_5g            =  5.25891e-09
l_p11_10g           =  8.79376e-09
q_p11_1g            =  4.89905e+00
q_p11_5g            =  9.45239e+00
q_p11_10g           =  3.79426e+00
zr_p11_1g           =  5.91084e+00
zi_p11_1g           =  2.89575e+01
zr_p11_5g           =  1.74786e+01
zi_p11_5g           =  1.65214e+02
zr_p11_10g          =  1.45633e+02
zi_p11_10g          =  5.52532e+02
zr_p11_20g          =  1.21534e+02
zi_p11_20g          =  -5.40833e+02
Doing analysis at TEMP = 125.000000 and TNOM = 27.000000

Using SPARSE 1.3 as Direct Linear Solver

No. of Data Rows : 174
Note: Simulation executed from .control section 
