
Note: Compatibility modes selected: hs a


Circuit: * tb_inductor_zscan -- sg13g2 spiral-inductor small-signal impedance scan

Doing analysis at TEMP = 27.000000 and TNOM = 27.000000

Using SPARSE 1.3 as Direct Linear Solver

No. of Data Rows : 1739
srf_p1              =  2.40380e+11
srf_p13             =  1.43055e+10
srf_p11             =  1.41118e+10
l_p1_1g             =  1.03758e-10
l_p1_5g             =  1.03510e-10
l_p1_10g            =  1.02931e-10
q_p1_1g             =  2.56991e+00
q_p1_5g             =  1.11878e+01
q_p1_10g            =  1.68973e+01
l_p13_1g            =  5.45142e-09
l_p13_5g            =  6.17639e-09
l_p13_10g           =  1.02525e-08
q_p13_1g            =  5.26350e+00
q_p13_5g            =  1.11366e+01
q_p13_10g           =  4.94786e+00
l_p11_1g            =  4.60639e-09
l_p11_5g            =  5.24033e-09
l_p11_10g           =  8.89929e-09
q_p11_1g            =  6.66441e+00
q_p11_5g            =  1.23419e+01
q_p11_10g           =  5.00204e+00
Doing analysis at TEMP = 27.000000 and TNOM = 27.000000

Using SPARSE 1.3 as Direct Linear Solver

No. of Data Rows : 174
Note: Simulation executed from .control section 
