
Note: Compatibility modes selected: hs a


Circuit: * tb_inductor_model_check -- known-answer + pvt check of sg13g2_inductor_analytic

Doing analysis at TEMP = -40.000000 and TNOM = 27.000000

Using SPARSE 1.3 as Direct Linear Solver

No. of Data Rows : 1739
srf_p1              =  2.40656e+11
srf_p13             =  1.43452e+10
srf_p11             =  1.41478e+10
l_p1_1g             =  1.03748e-10
l_p1_5g             =  1.03291e-10
l_p1_10g            =  1.02389e-10
q_p1_1g             =  3.42991e+00
q_p1_5g             =  1.36997e+01
q_p1_10g            =  1.90630e+01
zr_p1_1g            =  1.90054e-01
zi_p1_1g            =  6.51869e-01
zr_p1_5g            =  2.36864e-01
zi_p1_5g            =  3.24498e+00
zr_p1_10g           =  3.37475e-01
zi_p1_10g           =  6.43329e+00
zr_p1_20g           =  5.16085e-01
zi_p1_20g           =  1.27374e+01
l_p13_1g            =  5.44956e-09
l_p13_5g            =  6.16393e-09
l_p13_10g           =  1.02894e-08
q_p13_1g            =  6.99847e+00
q_p13_5g            =  1.38643e+01
q_p13_10g           =  6.11070e+00
zr_p13_1g           =  4.89258e+00
zi_p13_1g           =  3.42406e+01
zr_p13_5g           =  1.39673e+01
zi_p13_5g           =  1.93646e+02
zr_p13_10g          =  1.05806e+02
zi_p13_10g          =  6.46506e+02
zr_p13_20g          =  1.04925e+02
zi_p13_20g          =  -7.05504e+02
l_p11_1g            =  4.60419e-09
l_p11_5g            =  5.22902e-09
l_p11_10g           =  8.93394e-09
q_p11_1g            =  8.84224e+00
q_p11_5g            =  1.53212e+01
q_p11_10g           =  6.18504e+00
zr_p11_1g           =  3.27168e+00
zi_p11_1g           =  2.89290e+01
zr_p11_5g           =  1.07221e+01
zi_p11_5g           =  1.64275e+02
zr_p11_10g          =  9.07641e+01
zi_p11_10g          =  5.61341e+02
zr_p11_20g          =  7.90026e+01
zi_p11_20g          =  -5.65019e+02
Doing analysis at TEMP = -40.000000 and TNOM = 27.000000

Using SPARSE 1.3 as Direct Linear Solver

No. of Data Rows : 174
Note: Simulation executed from .control section 
