
Note: Compatibility modes selected: hs a


Circuit: * tb_inductor_model_check -- known-answer + pvt check of sg13g2_inductor_analytic

Doing analysis at TEMP = 125.000000 and TNOM = 27.000000

Using SPARSE 1.3 as Direct Linear Solver

No. of Data Rows : 1739
srf_p1              =  2.39816e+11
srf_p13             =  1.42779e+10
srf_p11             =  1.40895e+10
l_p1_1g             =  1.03766e-10
l_p1_5g             =  1.03717e-10
l_p1_10g            =  1.03586e-10
q_p1_1g             =  1.42698e+00
q_p1_5g             =  6.80572e+00
q_p1_10g            =  1.20008e+01
zr_p1_1g            =  4.56896e-01
zi_p1_1g            =  6.51982e-01
zr_p1_5g            =  4.78771e-01
zi_p1_5g            =  3.25838e+00
zr_p1_10g           =  5.42339e-01
zi_p1_10g           =  6.50850e+00
zr_p1_20g           =  7.43043e-01
zi_p1_20g           =  1.29837e+01
l_p13_1g            =  5.44324e-09
l_p13_5g            =  6.16373e-09
l_p13_10g           =  1.02181e-08
q_p13_1g            =  3.08436e+00
q_p13_5g            =  8.43653e+00
q_p13_10g           =  4.45378e+00
zr_p13_1g           =  1.10885e+01
zi_p13_1g           =  3.42009e+01
zr_p13_5g           =  2.29525e+01
zi_p13_5g           =  1.93640e+02
zr_p13_10g          =  1.44162e+02
zi_p13_10g          =  6.42028e+02
zr_p13_20g          =  1.29236e+02
zi_p13_20g          =  -6.89181e+02
l_p11_1g            =  4.60102e-09
l_p11_5g            =  5.23182e-09
l_p11_10g           =  8.87535e-09
q_p11_1g            =  3.85693e+00
q_p11_5g            =  9.57614e+00
q_p11_10g           =  4.57645e+00
zr_p11_1g           =  7.49534e+00
zi_p11_1g           =  2.89090e+01
zr_p11_5g           =  1.71638e+01
zi_p11_5g           =  1.64363e+02
zr_p11_10g          =  1.21862e+02
zi_p11_10g          =  5.57659e+02
zr_p11_20g          =  9.74015e+01
zi_p11_20g          =  -5.53797e+02
Doing analysis at TEMP = 125.000000 and TNOM = 27.000000

Using SPARSE 1.3 as Direct Linear Solver

No. of Data Rows : 174
Note: Simulation executed from .control section 
