
Note: Compatibility modes selected: hs a


Circuit: * tb_inductor_model_check -- known-answer + pvt check of sg13g2_inductor_analytic

Doing analysis at TEMP = 125.000000 and TNOM = 27.000000

Using SPARSE 1.3 as Direct Linear Solver

No. of Data Rows : 1739
srf_p1              =  2.40444e+11
srf_p13             =  1.43090e+10
srf_p11             =  1.41147e+10
l_p1_1g             =  1.03757e-10
l_p1_5g             =  1.03469e-10
l_p1_10g            =  1.02822e-10
q_p1_1g             =  2.74397e+00
q_p1_5g             =  1.17484e+01
q_p1_10g            =  1.73977e+01
zr_p1_1g            =  2.37584e-01
zi_p1_1g            =  6.51923e-01
zr_p1_5g            =  2.76684e-01
zi_p1_5g            =  3.25058e+00
zr_p1_10g           =  3.71340e-01
zi_p1_10g           =  6.46047e+00
zr_p1_20g           =  5.71300e-01
zi_p1_20g           =  1.28025e+01
l_p13_1g            =  5.45116e-09
l_p13_5g            =  6.17470e-09
l_p13_10g           =  1.02407e-08
q_p13_1g            =  5.15541e+00
q_p13_5g            =  1.09922e+01
q_p13_10g           =  4.91874e+00
zr_p13_1g           =  6.64363e+00
zi_p13_1g           =  3.42506e+01
zr_p13_5g           =  1.76474e+01
zi_p13_5g           =  1.93984e+02
zr_p13_10g          =  1.30823e+02
zi_p13_10g          =  6.43447e+02
zr_p13_20g          =  1.27256e+02
zi_p13_20g          =  -6.93976e+02
l_p11_1g            =  4.60640e-09
l_p11_5g            =  5.23960e-09
l_p11_10g           =  8.89302e-09
q_p11_1g            =  6.70310e+00
q_p11_5g            =  1.23375e+01
q_p11_10g           =  4.99774e+00
zr_p11_1g           =  4.31784e+00
zi_p11_1g           =  2.89429e+01
zr_p11_5g           =  1.33420e+01
zi_p11_5g           =  1.64607e+02
zr_p11_10g          =  1.11812e+02
zi_p11_10g          =  5.58770e+02
zr_p11_20g          =  9.60379e+01
zi_p11_20g          =  -5.56835e+02
Doing analysis at TEMP = 125.000000 and TNOM = 27.000000

Using SPARSE 1.3 as Direct Linear Solver

No. of Data Rows : 174
Note: Simulation executed from .control section 
