
Note: Compatibility modes selected: hs a


Circuit: * tb_inductor_model_check -- known-answer + pvt check of sg13g2_inductor_analytic

Doing analysis at TEMP = 27.000000 and TNOM = 27.000000

Using SPARSE 1.3 as Direct Linear Solver

No. of Data Rows : 1739
srf_p1              =  2.40127e+11
srf_p13             =  1.42912e+10
srf_p11             =  1.41001e+10
l_p1_1g             =  1.03764e-10
l_p1_5g             =  1.03635e-10
l_p1_10g            =  1.03305e-10
q_p1_1g             =  1.95495e+00
q_p1_5g             =  8.97968e+00
q_p1_10g            =  1.46898e+01
zr_p1_1g            =  3.33495e-01
zi_p1_1g            =  6.51966e-01
zr_p1_5g            =  3.62572e-01
zi_p1_5g            =  3.25578e+00
zr_p1_10g           =  4.41861e-01
zi_p1_10g           =  6.49085e+00
zr_p1_20g           =  6.54213e-01
zi_p1_20g           =  1.29029e+01
l_p13_1g            =  5.44877e-09
l_p13_5g            =  6.17353e-09
l_p13_10g           =  1.02523e-08
q_p13_1g            =  4.21321e+00
q_p13_5g            =  1.00392e+01
q_p13_10g           =  4.77155e+00
zr_p13_1g           =  8.12578e+00
zi_p13_1g           =  3.42356e+01
zr_p13_5g           =  1.93190e+01
zi_p13_5g           =  1.93947e+02
zr_p13_10g          =  1.35011e+02
zi_p13_10g          =  6.44173e+02
zr_p13_20g          =  1.27661e+02
zi_p13_20g          =  -6.91617e+02
l_p11_1g            =  4.60456e-09
l_p11_5g            =  5.23828e-09
l_p11_10g           =  8.89881e-09
q_p11_1g            =  5.26055e+00
q_p11_5g            =  1.11916e+01
q_p11_10g           =  4.84478e+00
zr_p11_1g           =  5.49967e+00
zi_p11_1g           =  2.89313e+01
zr_p11_5g           =  1.47045e+01
zi_p11_5g           =  1.64566e+02
zr_p11_10g          =  1.15417e+02
zi_p11_10g          =  5.59133e+02
zr_p11_20g          =  9.64506e+01
zi_p11_20g          =  -5.55288e+02
Doing analysis at TEMP = 27.000000 and TNOM = 27.000000

Using SPARSE 1.3 as Direct Linear Solver

No. of Data Rows : 174
Note: Simulation executed from .control section 
