
Note: Compatibility modes selected: hs a


Circuit: * tb_inductor_model_check -- known-answer + pvt check of sg13g2_inductor_analytic

Doing analysis at TEMP = -40.000000 and TNOM = 27.000000

Using SPARSE 1.3 as Direct Linear Solver

No. of Data Rows : 1739
srf_p1              =  2.40908e+11
srf_p13             =  1.43677e+10
srf_p11             =  1.41665e+10
l_p1_1g             =  1.03721e-10
l_p1_5g             =  1.02818e-10
l_p1_10g            =  1.01527e-10
q_p1_1g             =  4.96485e+00
q_p1_5g             =  1.68389e+01
q_p1_10g            =  2.19647e+01
zr_p1_1g            =  1.31263e-01
zi_p1_1g            =  6.51701e-01
zr_p1_5g            =  1.91824e-01
zi_p1_5g            =  3.23011e+00
zr_p1_10g           =  2.90428e-01
zi_p1_10g           =  6.37915e+00
zr_p1_20g           =  4.28968e-01
zi_p1_20g           =  1.26425e+01
l_p13_1g            =  5.45075e-09
l_p13_5g            =  6.15538e-09
l_p13_10g           =  1.02472e-08
q_p13_1g            =  9.25439e+00
q_p13_5g            =  1.51729e+01
q_p13_10g           =  6.35313e+00
zr_p13_1g           =  3.70074e+00
zi_p13_1g           =  3.42481e+01
zr_p13_5g           =  1.27449e+01
zi_p13_5g           =  1.93377e+02
zr_p13_10g          =  1.01351e+02
zi_p13_10g          =  6.43856e+02
zr_p13_20g          =  1.03751e+02
zi_p13_20g          =  -7.07977e+02
l_p11_1g            =  4.60502e-09
l_p11_5g            =  5.22286e-09
l_p11_10g           =  8.90245e-09
q_p11_1g            =  1.19570e+01
q_p11_5g            =  1.66719e+01
q_p11_10g           =  6.40068e+00
zr_p11_1g           =  2.41985e+00
zi_p11_1g           =  2.89342e+01
zr_p11_5g           =  9.84185e+00
zi_p11_5g           =  1.64081e+02
zr_p11_10g          =  8.73971e+01
zi_p11_10g          =  5.59362e+02
zr_p11_20g          =  7.82190e+01
zi_p11_20g          =  -5.66579e+02
Doing analysis at TEMP = -40.000000 and TNOM = 27.000000

Using SPARSE 1.3 as Direct Linear Solver

No. of Data Rows : 174
Note: Simulation executed from .control section 
