
Note: Compatibility modes selected: hs a


Circuit: * tb_inductor_model_check -- known-answer + pvt check of sg13g2_inductor_analytic

Doing analysis at TEMP = 27.000000 and TNOM = 27.000000

Using SPARSE 1.3 as Direct Linear Solver

No. of Data Rows : 1739
srf_p1              =  2.40719e+11
srf_p13             =  1.43282e+10
srf_p11             =  1.41305e+10
l_p1_1g             =  1.03744e-10
l_p1_5g             =  1.03203e-10
l_p1_10g            =  1.02200e-10
q_p1_1g             =  3.74141e+00
q_p1_5g             =  1.44540e+01
q_p1_10g            =  1.96851e+01
zr_p1_1g            =  1.74223e-01
zi_p1_1g            =  6.51841e-01
zr_p1_5g            =  2.24312e-01
zi_p1_5g            =  3.24222e+00
zr_p1_10g           =  3.26207e-01
zi_p1_10g           =  6.42143e+00
zr_p1_20g           =  4.96395e-01
zi_p1_20g           =  1.27135e+01
l_p13_1g            =  5.45366e-09
l_p13_5g            =  6.17427e-09
l_p13_10g           =  1.02276e-08
q_p13_1g            =  6.99961e+00
q_p13_5g            =  1.23953e+01
q_p13_10g           =  5.13953e+00
zr_p13_1g           =  4.89546e+00
zi_p13_1g           =  3.42664e+01
zr_p13_5g           =  1.56487e+01
zi_p13_5g           =  1.93971e+02
zr_p13_10g          =  1.25044e+02
zi_p13_10g          =  6.42626e+02
zr_p13_20g          =  1.26005e+02
zi_p13_20g          =  -6.96454e+02
l_p11_1g            =  4.60795e-09
l_p11_5g            =  5.23880e-09
l_p11_10g           =  8.88099e-09
q_p11_1g            =  9.07432e+00
q_p11_5g            =  1.36457e+01
q_p11_10g           =  5.17194e+00
zr_p11_1g           =  3.19061e+00
zi_p11_1g           =  2.89526e+01
zr_p11_5g           =  1.20611e+01
zi_p11_5g           =  1.64582e+02
zr_p11_10g          =  1.07900e+02
zi_p11_10g          =  5.58014e+02
zr_p11_20g          =  9.53054e+01
zi_p11_20g          =  -5.58356e+02
Doing analysis at TEMP = 27.000000 and TNOM = 27.000000

Using SPARSE 1.3 as Direct Linear Solver

No. of Data Rows : 174
Note: Simulation executed from .control section 
