Warning: m=xx on .subckt line will override multiplier m hierarchy!


Note: Compatibility modes selected: hs a


Circuit: * tb_mos_varactor_vscan -- sg13g2 sg13_hv_svaricap c(v), dc/dv and q(v,f) scan

Doing analysis at TEMP = 27.000000 and TNOM = 27.000000

Using SPARSE 1.3 as Direct Linear Solver

No. of Data Rows : 1739

Error: measure  srf_small  when(WHEN) : out of interval
 meas ac srf_small when zsmall=0 rise=1 failed!


Error: measure  srf_mid  when(WHEN) : out of interval
 meas ac srf_mid when zmid=0 rise=1 failed!


Error: measure  srf_large  when(WHEN) : out of interval
 meas ac srf_large when zlarge=0 rise=1 failed!


Error: measure  srf_xlarge  when(WHEN) : out of interval
 meas ac srf_xlarge when zxlarge=0 rise=1 failed!

srf_ref             =  1.59119e+10
c_small_1g          =  6.17537e-15
c_small_5g          =  6.17438e-15
c_small_10g         =  6.17122e-15
c_small_20g         =  6.15858e-15
q_small_1g          =  3.82241e+02
q_small_5g          =  7.64485e+01
q_small_10g         =  3.82243e+01
q_small_20g         =  1.91121e+01
c_mid_1g            =  6.06171e-14
c_mid_5g            =  5.84037e-14
c_mid_10g           =  5.24218e-14
c_mid_20g           =  3.71868e-14
q_mid_1g            =  2.51449e+01
q_mid_5g            =  5.02898e+00
q_mid_10g           =  2.51449e+00
q_mid_20g           =  1.25725e+00
c_large_1g          =  2.96827e-13
c_large_5g          =  1.15502e-13
c_large_10g         =  3.97054e-14
c_large_20g         =  1.09534e-14
q_large_1g          =  3.77991e+00
q_large_5g          =  7.55983e-01
q_large_10g         =  3.77993e-01
q_large_20g         =  1.88998e-01
c_xlarge_1g         =  1.18731e-12
c_xlarge_5g         =  4.62008e-13
c_xlarge_10g        =  1.58822e-13
c_xlarge_20g        =  4.38136e-14
q_xlarge_1g         =  3.77991e+00
q_xlarge_5g         =  7.55983e-01
q_xlarge_10g        =  3.77993e-01
q_xlarge_20g        =  1.88998e-01
l_ref_1g            =  1.00356e-09
q_ref_1g            =  3.12793e+00
Doing analysis at TEMP = 27.000000 and TNOM = 27.000000

Using SPARSE 1.3 as Direct Linear Solver

No. of Data Rows : 174
Note: Simulation executed from .control section 
