Warning: m=xx on .subckt line will override multiplier m hierarchy!


Note: Compatibility modes selected: hs a


Circuit: * tb_mos_varactor_vscan -- sg13g2 sg13_hv_svaricap c(v), dc/dv and q(v,f) scan

Doing analysis at TEMP = -40.000000 and TNOM = 27.000000

Using SPARSE 1.3 as Direct Linear Solver

No. of Data Rows : 1739

Error: measure  srf_small  when(WHEN) : out of interval
 meas ac srf_small when zsmall=0 rise=1 failed!


Error: measure  srf_mid  when(WHEN) : out of interval
 meas ac srf_mid when zmid=0 rise=1 failed!


Error: measure  srf_large  when(WHEN) : out of interval
 meas ac srf_large when zlarge=0 rise=1 failed!


Error: measure  srf_xlarge  when(WHEN) : out of interval
 meas ac srf_xlarge when zxlarge=0 rise=1 failed!

srf_ref             =  1.59119e+10
c_small_1g          =  7.33028e-15
c_small_5g          =  7.32860e-15
c_small_10g         =  7.32327e-15
c_small_20g         =  7.30204e-15
q_small_1g          =  3.21051e+02
q_small_5g          =  6.42104e+01
q_small_10g         =  3.21052e+01
q_small_20g         =  1.60526e+01
c_mid_1g            =  7.42523e-14
c_mid_5g            =  7.02497e-14
c_mid_10g           =  6.01221e-14
c_mid_20g           =  3.81326e-14
q_mid_1g            =  2.04997e+01
q_mid_5g            =  4.09994e+00
q_mid_10g           =  2.04997e+00
q_mid_20g           =  1.02499e+00
c_large_1g          =  3.59343e-13
c_large_5g          =  1.06044e-13
c_large_10g         =  3.31099e-14
c_large_20g         =  8.82680e-15
q_large_1g          =  3.00791e+00
q_large_5g          =  6.01584e-01
q_large_10g         =  3.00793e-01
q_large_20g         =  1.50398e-01
c_xlarge_1g         =  1.43737e-12
c_xlarge_5g         =  4.24175e-13
c_xlarge_10g        =  1.32440e-13
c_xlarge_20g        =  3.53072e-14
q_xlarge_1g         =  3.00791e+00
q_xlarge_5g         =  6.01584e-01
q_xlarge_10g        =  3.00793e-01
q_xlarge_20g        =  1.50398e-01
l_ref_1g            =  1.00356e-09
q_ref_1g            =  3.12793e+00
Doing analysis at TEMP = -40.000000 and TNOM = 27.000000

Using SPARSE 1.3 as Direct Linear Solver

No. of Data Rows : 174
Note: Simulation executed from .control section 
