
Note: Compatibility modes selected: hs a


Circuit: * tb_diode_varactor_vscan -- sg13g2 dantenna/dpantenna reverse-bias c(v) scan

Doing analysis at TEMP = 125.000000 and TNOM = 27.000000

Using SPARSE 1.3 as Direct Linear Solver

No. of Data Rows : 1739

Error: measure  srf_dasm  when(WHEN) : out of interval
 meas ac srf_dasm when zdasm=0 rise=1 failed!


Error: measure  srf_dalg  when(WHEN) : out of interval
 meas ac srf_dalg when zdalg=0 rise=1 failed!


Error: measure  srf_dpsm  when(WHEN) : out of interval
 meas ac srf_dpsm when zdpsm=0 rise=1 failed!


Error: measure  srf_dplg  when(WHEN) : out of interval
 meas ac srf_dplg when zdplg=0 rise=1 failed!

srf_ref             =  1.59119e+10
c_dasm_1g           =  1.58249e-15
c_dasm_5g           =  1.78220e-16
c_dasm_10g          =  5.76971e-17
c_dasm_20g          =  1.60246e-17
q_dasm_1g           =  9.86855e-01
q_dasm_5g           =  2.81857e-01
q_dasm_10g          =  1.66461e-01
q_dasm_20g          =  8.89975e-02
c_dalg_1g           =  1.42487e-13
c_dalg_5g           =  1.45958e-14
c_dalg_10g          =  3.93932e-15
c_dalg_20g          =  1.01149e-15
q_dalg_1g           =  1.27826e+00
q_dalg_5g           =  2.64183e-01
q_dalg_10g          =  1.35112e-01
q_dalg_20g          =  6.83039e-02
c_dpsm_1g           =  1.71667e-15
c_dpsm_5g           =  3.22853e-16
c_dpsm_10g          =  9.42570e-17
c_dpsm_20g          =  2.46877e-17
q_dpsm_1g           =  2.02481e+00
q_dpsm_5g           =  4.32226e-01
q_dpsm_10g          =  2.21070e-01
q_dpsm_20g          =  1.11426e-01
c_dplg_1g           =  1.53476e-13
c_dplg_5g           =  2.53225e-14
c_dplg_10g          =  7.04847e-15
c_dplg_20g          =  1.81467e-15
q_dplg_1g           =  1.92089e+00
q_dplg_5g           =  3.87485e-01
q_dplg_10g          =  1.94409e-01
q_dplg_20g          =  9.73288e-02
l_ref_1g            =  1.00356e-09
q_ref_1g            =  3.12793e+00
Doing analysis at TEMP = 125.000000 and TNOM = 27.000000

Using SPARSE 1.3 as Direct Linear Solver

No. of Data Rows : 174
Note: Simulation executed from .control section 
