
Note: Compatibility modes selected: hs a


Circuit: * tb_diode_varactor_vscan -- sg13g2 dantenna/dpantenna reverse-bias c(v) scan

Doing analysis at TEMP = -40.000000 and TNOM = 27.000000

Using SPARSE 1.3 as Direct Linear Solver

No. of Data Rows : 1739

Error: measure  srf_dasm  when(WHEN) : out of interval
 meas ac srf_dasm when zdasm=0 rise=1 failed!


Error: measure  srf_dalg  when(WHEN) : out of interval
 meas ac srf_dalg when zdalg=0 rise=1 failed!


Error: measure  srf_dpsm  when(WHEN) : out of interval
 meas ac srf_dpsm when zdpsm=0 rise=1 failed!


Error: measure  srf_dplg  when(WHEN) : out of interval
 meas ac srf_dplg when zdplg=0 rise=1 failed!

srf_ref             =  1.59119e+10
c_dasm_1g           =  1.57107e-15
c_dasm_5g           =  2.04120e-16
c_dasm_10g          =  6.47315e-17
c_dasm_20g          =  1.78068e-17
q_dasm_1g           =  1.25569e+00
q_dasm_5g           =  3.28462e-01
q_dasm_10g          =  1.87492e-01
q_dasm_20g          =  9.89865e-02
c_dalg_1g           =  1.44643e-13
c_dalg_5g           =  1.36859e-14
c_dalg_10g          =  3.67844e-15
c_dalg_20g          =  9.43839e-16
q_dalg_1g           =  1.18404e+00
q_dalg_5g           =  2.45592e-01
q_dalg_10g          =  1.25879e-01
q_dalg_20g          =  6.36993e-02
c_dpsm_1g           =  1.79861e-15
c_dpsm_5g           =  3.05839e-16
c_dpsm_10g          =  8.79134e-17
c_dpsm_20g          =  2.29102e-17
q_dpsm_1g           =  1.86032e+00
q_dpsm_5g           =  4.00244e-01
q_dpsm_10g          =  2.04807e-01
q_dpsm_20g          =  1.03220e-01
c_dplg_1g           =  1.60822e-13
c_dplg_5g           =  2.37348e-14
c_dplg_10g          =  6.50901e-15
c_dplg_20g          =  1.66864e-15
q_dplg_1g           =  1.76160e+00
q_dplg_5g           =  3.55738e-01
q_dplg_10g          =  1.78501e-01
q_dplg_20g          =  8.93644e-02
l_ref_1g            =  1.00356e-09
q_ref_1g            =  3.12793e+00
Doing analysis at TEMP = -40.000000 and TNOM = 27.000000

Using SPARSE 1.3 as Direct Linear Solver

No. of Data Rows : 174
Note: Simulation executed from .control section 
