Warning: m=xx on .subckt line will override multiplier m hierarchy!


Note: Compatibility modes selected: hs a


Circuit: * tb_mos_varactor_vscan -- sg13g2 sg13_hv_svaricap c(v), dc/dv and q(v,f) scan

Doing analysis at TEMP = 125.000000 and TNOM = 27.000000

Using SPARSE 1.3 as Direct Linear Solver

No. of Data Rows : 1739

Error: measure  srf_small  when(WHEN) : out of interval
 meas ac srf_small when zsmall=0 rise=1 failed!


Error: measure  srf_mid  when(WHEN) : out of interval
 meas ac srf_mid when zmid=0 rise=1 failed!


Error: measure  srf_large  when(WHEN) : out of interval
 meas ac srf_large when zlarge=0 rise=1 failed!


Error: measure  srf_xlarge  when(WHEN) : out of interval
 meas ac srf_xlarge when zxlarge=0 rise=1 failed!

srf_ref             =  1.59119e+10
c_small_1g          =  8.92520e-15
c_small_5g          =  8.92221e-15
c_small_10g         =  8.91278e-15
c_small_20g         =  8.87529e-15
q_small_1g          =  2.66304e+02
q_small_5g          =  5.32610e+01
q_small_10g         =  2.66306e+01
q_small_20g         =  1.33153e+01
c_mid_1g            =  9.29367e-14
c_mid_5g            =  8.53480e-14
c_mid_10g           =  6.79971e-14
c_mid_20g           =  3.75016e-14
q_mid_1g            =  1.63988e+01
q_mid_5g            =  3.27977e+00
q_mid_10g           =  1.63989e+00
q_mid_20g           =  8.19942e-01
c_large_1g          =  4.32541e-13
c_large_5g          =  9.25656e-14
c_large_10g         =  2.67823e-14
c_large_20g         =  6.96968e-15
q_large_1g          =  2.35255e+00
q_large_5g          =  4.70510e-01
q_large_10g         =  2.35255e-01
q_large_20g         =  1.17628e-01
c_xlarge_1g         =  1.73016e-12
c_xlarge_5g         =  3.70262e-13
c_xlarge_10g        =  1.07129e-13
c_xlarge_20g        =  2.78787e-14
q_xlarge_1g         =  2.35255e+00
q_xlarge_5g         =  4.70510e-01
q_xlarge_10g        =  2.35256e-01
q_xlarge_20g        =  1.17628e-01
l_ref_1g            =  1.00356e-09
q_ref_1g            =  3.12793e+00
Doing analysis at TEMP = 125.000000 and TNOM = 27.000000

Using SPARSE 1.3 as Direct Linear Solver

No. of Data Rows : 174
Note: Simulation executed from .control section 
