
Note: Compatibility modes selected: hs a


Circuit: * tb_diode_varactor_vscan -- sg13g2 dantenna/dpantenna reverse-bias c(v) scan

Doing analysis at TEMP = 27.000000 and TNOM = 27.000000

Using SPARSE 1.3 as Direct Linear Solver

No. of Data Rows : 1739

Error: measure  srf_dasm  when(WHEN) : out of interval
 meas ac srf_dasm when zdasm=0 rise=1 failed!


Error: measure  srf_dalg  when(WHEN) : out of interval
 meas ac srf_dalg when zdalg=0 rise=1 failed!


Error: measure  srf_dpsm  when(WHEN) : out of interval
 meas ac srf_dpsm when zdpsm=0 rise=1 failed!


Error: measure  srf_dplg  when(WHEN) : out of interval
 meas ac srf_dplg when zdplg=0 rise=1 failed!

srf_ref             =  1.59119e+10
c_dasm_1g           =  1.56895e-15
c_dasm_5g           =  2.04687e-16
c_dasm_10g          =  6.50262e-17
c_dasm_20g          =  1.79086e-17
q_dasm_1g           =  1.26177e+00
q_dasm_5g           =  3.29819e-01
q_dasm_10g          =  1.88469e-01
q_dasm_20g          =  9.95739e-02
c_dalg_1g           =  1.41231e-13
c_dalg_5g           =  1.50340e-14
c_dalg_10g          =  4.06670e-15
c_dalg_20g          =  1.04461e-15
q_dalg_1g           =  1.32459e+00
q_dalg_5g           =  2.73321e-01
q_dalg_10g          =  1.39643e-01
q_dalg_20g          =  7.05612e-02
c_dpsm_1g           =  1.69000e-15
c_dpsm_5g           =  3.28471e-16
c_dpsm_10g          =  9.62166e-17
c_dpsm_20g          =  2.52210e-17
q_dpsm_1g           =  2.08549e+00
q_dpsm_5g           =  4.42796e-01
q_dpsm_10g          =  2.26087e-01
q_dpsm_20g          =  1.13887e-01
c_dplg_1g           =  1.50815e-13
c_dplg_5g           =  2.58835e-14
c_dplg_10g          =  7.24374e-15
c_dplg_20g          =  1.86776e-15
q_dplg_1g           =  1.98034e+00
q_dplg_5g           =  3.99196e-01
q_dplg_10g          =  2.00229e-01
q_dplg_20g          =  1.00232e-01
l_ref_1g            =  1.00356e-09
q_ref_1g            =  3.12793e+00
Doing analysis at TEMP = 27.000000 and TNOM = 27.000000

Using SPARSE 1.3 as Direct Linear Solver

No. of Data Rows : 174
Note: Simulation executed from .control section 
