
Note: Compatibility modes selected: hs a


Circuit: * tb_diode_varactor_vscan -- sg13g2 dantenna/dpantenna reverse-bias c(v) scan

Doing analysis at TEMP = -40.000000 and TNOM = 27.000000

Using SPARSE 1.3 as Direct Linear Solver

No. of Data Rows : 1739

Error: measure  srf_dasm  when(WHEN) : out of interval
 meas ac srf_dasm when zdasm=0 rise=1 failed!


Error: measure  srf_dalg  when(WHEN) : out of interval
 meas ac srf_dalg when zdalg=0 rise=1 failed!


Error: measure  srf_dpsm  when(WHEN) : out of interval
 meas ac srf_dpsm when zdpsm=0 rise=1 failed!


Error: measure  srf_dplg  when(WHEN) : out of interval
 meas ac srf_dplg when zdplg=0 rise=1 failed!

srf_ref             =  1.59119e+10
c_dasm_1g           =  1.58418e-15
c_dasm_5g           =  1.77370e-16
c_dasm_10g          =  5.70478e-17
c_dasm_20g          =  1.57778e-17
q_dasm_1g           =  9.78593e-01
q_dasm_5g           =  2.79606e-01
q_dasm_10g          =  1.64291e-01
q_dasm_20g          =  8.75740e-02
c_dalg_1g           =  1.45868e-13
c_dalg_5g           =  1.09630e-14
c_dalg_10g          =  2.92502e-15
c_dalg_20g          =  7.50203e-16
q_dalg_1g           =  9.15447e-01
q_dalg_5g           =  1.92588e-01
q_dalg_10g          =  9.95435e-02
q_dalg_20g          =  5.05597e-02
c_dpsm_1g           =  2.00679e-15
c_dpsm_5g           =  2.55209e-16
c_dpsm_10g          =  7.08542e-17
c_dpsm_20g          =  1.82648e-17
q_dpsm_1g           =  1.42687e+00
q_dpsm_5g           =  3.16919e-01
q_dpsm_10g          =  1.62593e-01
q_dpsm_20g          =  8.19659e-02
c_dplg_1g           =  1.79297e-13
c_dplg_5g           =  1.90384e-14
c_dplg_10g          =  5.04542e-15
c_dplg_20g          =  1.28121e-15
q_dplg_1g           =  1.34121e+00
q_dplg_5g           =  2.72061e-01
q_dplg_10g          =  1.36592e-01
q_dplg_20g          =  6.83896e-02
l_ref_1g            =  1.00356e-09
q_ref_1g            =  3.12793e+00
Doing analysis at TEMP = -40.000000 and TNOM = 27.000000

Using SPARSE 1.3 as Direct Linear Solver

No. of Data Rows : 174
Note: Simulation executed from .control section 
