Warning: m=xx on .subckt line will override multiplier m hierarchy!


Note: Compatibility modes selected: hs a


Circuit: * tb_mos_varactor_vscan -- sg13g2 sg13_hv_svaricap c(v), dc/dv and q(v,f) scan

Doing analysis at TEMP = -40.000000 and TNOM = 27.000000

Using SPARSE 1.3 as Direct Linear Solver

No. of Data Rows : 1739

Error: measure  srf_small  when(WHEN) : out of interval
 meas ac srf_small when zsmall=0 rise=1 failed!


Error: measure  srf_mid  when(WHEN) : out of interval
 meas ac srf_mid when zmid=0 rise=1 failed!


Error: measure  srf_large  when(WHEN) : out of interval
 meas ac srf_large when zlarge=0 rise=1 failed!


Error: measure  srf_xlarge  when(WHEN) : out of interval
 meas ac srf_xlarge when zxlarge=0 rise=1 failed!

srf_ref             =  1.59119e+10
c_small_1g          =  8.79281e-15
c_small_5g          =  8.78987e-15
c_small_10g         =  8.78063e-15
c_small_20g         =  8.74384e-15
q_small_1g          =  2.66860e+02
q_small_5g          =  5.33723e+01
q_small_10g         =  2.66862e+01
q_small_20g         =  1.33431e+01
c_mid_1g            =  9.14564e-14
c_mid_5g            =  8.41651e-14
c_mid_10g           =  6.73786e-14
c_mid_20g           =  3.74788e-14
q_mid_1g            =  1.66145e+01
q_mid_5g            =  3.32290e+00
q_mid_10g           =  1.66145e+00
q_mid_20g           =  8.30730e-01
c_large_1g          =  4.27322e-13
c_large_5g          =  9.34066e-14
c_large_10g         =  2.71382e-14
c_large_20g         =  7.07126e-15
q_large_1g          =  2.39030e+00
q_large_5g          =  4.78060e-01
q_large_10g         =  2.39031e-01
q_large_20g         =  1.19517e-01
c_xlarge_1g         =  1.70929e-12
c_xlarge_5g         =  3.73626e-13
c_xlarge_10g        =  1.08553e-13
c_xlarge_20g        =  2.82850e-14
q_xlarge_1g         =  2.39030e+00
q_xlarge_5g         =  4.78060e-01
q_xlarge_10g        =  2.39031e-01
q_xlarge_20g        =  1.19517e-01
l_ref_1g            =  1.00356e-09
q_ref_1g            =  3.12793e+00
Doing analysis at TEMP = -40.000000 and TNOM = 27.000000

Using SPARSE 1.3 as Direct Linear Solver

No. of Data Rows : 174
Note: Simulation executed from .control section 
