
Note: Compatibility modes selected: hs a


Circuit: * tb_diode_varactor_vscan -- sg13g2 dantenna/dpantenna reverse-bias c(v) scan

Doing analysis at TEMP = 27.000000 and TNOM = 27.000000

Using SPARSE 1.3 as Direct Linear Solver

No. of Data Rows : 1739

Error: measure  srf_dasm  when(WHEN) : out of interval
 meas ac srf_dasm when zdasm=0 rise=1 failed!


Error: measure  srf_dalg  when(WHEN) : out of interval
 meas ac srf_dalg when zdalg=0 rise=1 failed!


Error: measure  srf_dpsm  when(WHEN) : out of interval
 meas ac srf_dpsm when zdpsm=0 rise=1 failed!


Error: measure  srf_dplg  when(WHEN) : out of interval
 meas ac srf_dplg when zdplg=0 rise=1 failed!

srf_ref             =  1.59119e+10
c_dasm_1g           =  1.58911e-15
c_dasm_5g           =  1.90167e-16
c_dasm_10g          =  6.07015e-17
c_dasm_20g          =  1.67439e-17
q_dasm_1g           =  1.10859e+00
q_dasm_5g           =  3.02579e-01
q_dasm_10g          =  1.75278e-01
q_dasm_20g          =  9.30029e-02
c_dalg_1g           =  1.46356e-13
c_dalg_5g           =  1.24273e-14
c_dalg_10g          =  3.32562e-15
c_dalg_20g          =  8.52869e-16
q_dalg_1g           =  1.05765e+00
q_dalg_5g           =  2.20651e-01
q_dalg_10g          =  1.13490e-01
q_dalg_20g          =  5.75193e-02
c_dpsm_1g           =  1.90261e-15
c_dpsm_5g           =  2.82544e-16
c_dpsm_10g          =  7.97790e-17
c_dpsm_20g          =  2.06731e-17
q_dpsm_1g           =  1.65215e+00
q_dpsm_5g           =  3.60062e-01
q_dpsm_10g          =  1.84427e-01
q_dpsm_20g          =  9.29518e-02
c_dplg_1g           =  1.70117e-13
c_dplg_5g           =  2.15699e-14
c_dplg_10g          =  5.81330e-15
c_dplg_20g          =  1.48303e-15
q_dplg_1g           =  1.55982e+00
q_dplg_5g           =  3.15555e-01
q_dplg_10g          =  1.58373e-01
q_dplg_20g          =  7.92896e-02
l_ref_1g            =  1.00356e-09
q_ref_1g            =  3.12793e+00
Doing analysis at TEMP = 27.000000 and TNOM = 27.000000

Using SPARSE 1.3 as Direct Linear Solver

No. of Data Rows : 174
Note: Simulation executed from .control section 
