Warning: m=xx on .subckt line will override multiplier m hierarchy!


Note: Compatibility modes selected: hs a


Circuit: * tb_mos_varactor_vscan -- sg13g2 sg13_hv_svaricap c(v), dc/dv and q(v,f) scan

Doing analysis at TEMP = 27.000000 and TNOM = 27.000000

Using SPARSE 1.3 as Direct Linear Solver

No. of Data Rows : 1739

Error: measure  srf_small  when(WHEN) : out of interval
 meas ac srf_small when zsmall=0 rise=1 failed!


Error: measure  srf_mid  when(WHEN) : out of interval
 meas ac srf_mid when zmid=0 rise=1 failed!


Error: measure  srf_large  when(WHEN) : out of interval
 meas ac srf_large when zlarge=0 rise=1 failed!


Error: measure  srf_xlarge  when(WHEN) : out of interval
 meas ac srf_xlarge when zxlarge=0 rise=1 failed!

srf_ref             =  1.59119e+10
c_small_1g          =  6.67939e-15
c_small_5g          =  6.67813e-15
c_small_10g         =  6.67411e-15
c_small_20g         =  6.65808e-15
q_small_1g          =  3.52904e+02
q_small_5g          =  7.05811e+01
q_small_10g         =  3.52906e+01
q_small_20g         =  1.76453e+01
c_mid_1g            =  6.65338e-14
c_mid_5g            =  6.36262e-14
c_mid_10g           =  5.59812e-14
c_mid_20g           =  3.78093e-14
q_mid_1g            =  2.28953e+01
q_mid_5g            =  4.57907e+00
q_mid_10g           =  2.28954e+00
q_mid_20g           =  1.14477e+00
c_large_1g          =  3.24735e-13
c_large_5g          =  1.11670e-13
c_large_10g         =  3.66091e-14
c_large_20g         =  9.92476e-15
q_large_1g          =  3.40276e+00
q_large_5g          =  6.80553e-01
q_large_10g         =  3.40278e-01
q_large_20g         =  1.70140e-01
c_xlarge_1g         =  1.29894e-12
c_xlarge_5g         =  4.46682e-13
c_xlarge_10g        =  1.46436e-13
c_xlarge_20g        =  3.96990e-14
q_xlarge_1g         =  3.40276e+00
q_xlarge_5g         =  6.80553e-01
q_xlarge_10g        =  3.40278e-01
q_xlarge_20g        =  1.70140e-01
l_ref_1g            =  1.00356e-09
q_ref_1g            =  3.12793e+00
Doing analysis at TEMP = 27.000000 and TNOM = 27.000000

Using SPARSE 1.3 as Direct Linear Solver

No. of Data Rows : 174
Note: Simulation executed from .control section 
