Warning: m=xx on .subckt line will override multiplier m hierarchy!


Note: Compatibility modes selected: hs a


Circuit: * tb_mos_varactor_vscan -- sg13g2 sg13_hv_svaricap c(v), dc/dv and q(v,f) scan

Doing analysis at TEMP = 125.000000 and TNOM = 27.000000

Using SPARSE 1.3 as Direct Linear Solver

No. of Data Rows : 1739

Error: measure  srf_small  when(WHEN) : out of interval
 meas ac srf_small when zsmall=0 rise=1 failed!


Error: measure  srf_mid  when(WHEN) : out of interval
 meas ac srf_mid when zmid=0 rise=1 failed!


Error: measure  srf_large  when(WHEN) : out of interval
 meas ac srf_large when zlarge=0 rise=1 failed!


Error: measure  srf_xlarge  when(WHEN) : out of interval
 meas ac srf_xlarge when zxlarge=0 rise=1 failed!

srf_ref             =  1.59119e+10
c_small_1g          =  7.38632e-15
c_small_5g          =  7.38461e-15
c_small_10g         =  7.37921e-15
c_small_20g         =  7.35766e-15
q_small_1g          =  3.19907e+02
q_small_5g          =  6.39817e+01
q_small_10g         =  3.19909e+01
q_small_20g         =  1.59954e+01
c_mid_1g            =  7.49145e-14
c_mid_5g            =  7.08158e-14
c_mid_10g           =  6.04759e-14
c_mid_20g           =  3.81783e-14
q_mid_1g            =  2.03387e+01
q_mid_5g            =  4.06775e+00
q_mid_10g           =  2.03388e+00
q_mid_20g           =  1.01694e+00
c_large_1g          =  3.62219e-13
c_large_5g          =  1.05606e-13
c_large_10g         =  3.28593e-14
c_large_20g         =  8.74989e-15
q_large_1g          =  2.97941e+00
q_large_5g          =  5.95882e-01
q_large_10g         =  2.97942e-01
q_large_20g         =  1.48971e-01
c_xlarge_1g         =  1.44888e-12
c_xlarge_5g         =  4.22424e-13
c_xlarge_10g        =  1.31437e-13
c_xlarge_20g        =  3.49995e-14
q_xlarge_1g         =  2.97941e+00
q_xlarge_5g         =  5.95882e-01
q_xlarge_10g        =  2.97942e-01
q_xlarge_20g        =  1.48971e-01
l_ref_1g            =  1.00356e-09
q_ref_1g            =  3.12793e+00
Doing analysis at TEMP = 125.000000 and TNOM = 27.000000

Using SPARSE 1.3 as Direct Linear Solver

No. of Data Rows : 174
Note: Simulation executed from .control section 
