Warning: m=xx on .subckt line will override multiplier m hierarchy!


Note: Compatibility modes selected: hs a


Circuit: * tb_mos_varactor_vscan -- sg13g2 sg13_hv_svaricap c(v), dc/dv and q(v,f) scan

Doing analysis at TEMP = -40.000000 and TNOM = 27.000000

Using SPARSE 1.3 as Direct Linear Solver

No. of Data Rows : 1739

Error: measure  srf_small  when(WHEN) : out of interval
 meas ac srf_small when zsmall=0 rise=1 failed!


Error: measure  srf_mid  when(WHEN) : out of interval
 meas ac srf_mid when zmid=0 rise=1 failed!


Error: measure  srf_large  when(WHEN) : out of interval
 meas ac srf_large when zlarge=0 rise=1 failed!


Error: measure  srf_xlarge  when(WHEN) : out of interval
 meas ac srf_xlarge when zxlarge=0 rise=1 failed!

srf_ref             =  1.59119e+10
c_small_1g          =  5.63057e-15
c_small_5g          =  5.62983e-15
c_small_10g         =  5.62744e-15
c_small_20g         =  5.61789e-15
q_small_1g          =  4.19927e+02
q_small_5g          =  8.39862e+01
q_small_10g         =  4.19932e+01
q_small_20g         =  2.09965e+01
c_mid_1g            =  5.40859e-14
c_mid_5g            =  5.25033e-14
c_mid_10g           =  4.81048e-14
c_mid_20g           =  3.60307e-14
q_mid_1g            =  2.82000e+01
q_mid_5g            =  5.64001e+00
q_mid_10g           =  2.82001e+00
q_mid_20g           =  1.41000e+00
c_large_1g          =  2.64116e-13
c_large_5g          =  1.18766e-13
c_large_10g         =  4.36678e-14
c_large_20g         =  1.23730e-14
q_large_1g          =  4.31398e+00
q_large_5g          =  8.62796e-01
q_large_10g         =  4.31399e-01
q_large_20g         =  2.15700e-01
c_xlarge_1g         =  1.05647e-12
c_xlarge_5g         =  4.75063e-13
c_xlarge_10g        =  1.74671e-13
c_xlarge_20g        =  4.94921e-14
q_xlarge_1g         =  4.31398e+00
q_xlarge_5g         =  8.62796e-01
q_xlarge_10g        =  4.31399e-01
q_xlarge_20g        =  2.15700e-01
l_ref_1g            =  1.00356e-09
q_ref_1g            =  3.12793e+00
Doing analysis at TEMP = -40.000000 and TNOM = 27.000000

Using SPARSE 1.3 as Direct Linear Solver

No. of Data Rows : 174
Note: Simulation executed from .control section 
