Warning: m=xx on .subckt line will override multiplier m hierarchy!


Note: Compatibility modes selected: hs a


Circuit: * tb_mos_varactor_vscan -- sg13g2 sg13_hv_svaricap c(v), dc/dv and q(v,f) scan

Doing analysis at TEMP = 125.000000 and TNOM = 27.000000

Using SPARSE 1.3 as Direct Linear Solver

No. of Data Rows : 1739

Error: measure  srf_small  when(WHEN) : out of interval
 meas ac srf_small when zsmall=0 rise=1 failed!


Error: measure  srf_mid  when(WHEN) : out of interval
 meas ac srf_mid when zmid=0 rise=1 failed!


Error: measure  srf_large  when(WHEN) : out of interval
 meas ac srf_large when zlarge=0 rise=1 failed!


Error: measure  srf_xlarge  when(WHEN) : out of interval
 meas ac srf_xlarge when zxlarge=0 rise=1 failed!

srf_ref             =  1.59119e+10
c_small_1g          =  5.73436e-15
c_small_5g          =  5.73358e-15
c_small_10g         =  5.73105e-15
c_small_20g         =  5.72097e-15
q_small_1g          =  4.12449e+02
q_small_5g          =  8.24899e+01
q_small_10g         =  4.12450e+01
q_small_20g         =  2.06225e+01
c_mid_1g            =  5.53523e-14
c_mid_5g            =  5.36586e-14
c_mid_10g           =  4.89754e-14
c_mid_20g           =  3.63020e-14
q_mid_1g            =  2.75560e+01
q_mid_5g            =  5.51121e+00
q_mid_10g           =  2.75561e+00
q_mid_20g           =  1.37780e+00
c_large_1g          =  2.70649e-13
c_large_5g          =  1.18255e-13
c_large_10g         =  4.28529e-14
c_large_20g         =  1.20695e-14
q_large_1g          =  4.19806e+00
q_large_5g          =  8.39613e-01
q_large_10g         =  4.19807e-01
q_large_20g         =  2.09904e-01
c_xlarge_1g         =  1.08260e-12
c_xlarge_5g         =  4.73022e-13
c_xlarge_10g        =  1.71412e-13
c_xlarge_20g        =  4.82782e-14
q_xlarge_1g         =  4.19806e+00
q_xlarge_5g         =  8.39613e-01
q_xlarge_10g        =  4.19807e-01
q_xlarge_20g        =  2.09904e-01
l_ref_1g            =  1.00356e-09
q_ref_1g            =  3.12793e+00
Doing analysis at TEMP = 125.000000 and TNOM = 27.000000

Using SPARSE 1.3 as Direct Linear Solver

No. of Data Rows : 174
Note: Simulation executed from .control section 
