
Note: Compatibility modes selected: hs a


Circuit: * tb_diode_varactor_vscan -- sg13g2 dantenna/dpantenna reverse-bias c(v) scan

Doing analysis at TEMP = -40.000000 and TNOM = 27.000000

Using SPARSE 1.3 as Direct Linear Solver

No. of Data Rows : 1739

Error: measure  srf_dasm  when(WHEN) : out of interval
 meas ac srf_dasm when zdasm=0 rise=1 failed!


Error: measure  srf_dalg  when(WHEN) : out of interval
 meas ac srf_dalg when zdalg=0 rise=1 failed!


Error: measure  srf_dpsm  when(WHEN) : out of interval
 meas ac srf_dpsm when zdpsm=0 rise=1 failed!


Error: measure  srf_dplg  when(WHEN) : out of interval
 meas ac srf_dplg when zdplg=0 rise=1 failed!

srf_ref             =  1.59119e+10
c_dasm_1g           =  1.53376e-15
c_dasm_5g           =  2.18450e-16
c_dasm_10g          =  6.90108e-17
c_dasm_20g          =  1.89465e-17
q_dasm_1g           =  1.41354e+00
q_dasm_5g           =  3.56275e-01
q_dasm_10g          =  2.00627e-01
q_dasm_20g          =  1.05425e-01
c_dalg_1g           =  1.40260e-13
c_dalg_5g           =  1.53461e-14
c_dalg_10g          =  4.15837e-15
c_dalg_20g          =  1.06852e-15
q_dalg_1g           =  1.35800e+00
q_dalg_5g           =  2.79912e-01
q_dalg_10g          =  1.42915e-01
q_dalg_20g          =  7.21922e-02
c_dpsm_1g           =  1.66281e-15
c_dpsm_5g           =  3.33872e-16
c_dpsm_10g          =  9.83541e-17
c_dpsm_20g          =  2.58294e-17
q_dpsm_1g           =  2.14188e+00
q_dpsm_5g           =  4.53804e-01
q_dpsm_10g          =  2.31683e-01
q_dpsm_20g          =  1.16711e-01
c_dplg_1g           =  1.48376e-13
c_dplg_5g           =  2.63890e-14
c_dplg_10g          =  7.42531e-15
c_dplg_20g          =  1.91762e-15
q_dplg_1g           =  2.03496e+00
q_dplg_5g           =  4.10088e-01
q_dplg_10g          =  2.05687e-01
q_dplg_20g          =  1.02965e-01
l_ref_1g            =  1.00356e-09
q_ref_1g            =  3.12793e+00
Doing analysis at TEMP = -40.000000 and TNOM = 27.000000

Using SPARSE 1.3 as Direct Linear Solver

No. of Data Rows : 174
Note: Simulation executed from .control section 
