
Note: Compatibility modes selected: hs a


Circuit: * tb_diode_varactor_vscan -- sg13g2 dantenna/dpantenna reverse-bias c(v) scan

Doing analysis at TEMP = 27.000000 and TNOM = 27.000000

Using SPARSE 1.3 as Direct Linear Solver

No. of Data Rows : 1739

Error: measure  srf_dasm  when(WHEN) : out of interval
 meas ac srf_dasm when zdasm=0 rise=1 failed!


Error: measure  srf_dalg  when(WHEN) : out of interval
 meas ac srf_dalg when zdalg=0 rise=1 failed!


Error: measure  srf_dpsm  when(WHEN) : out of interval
 meas ac srf_dpsm when zdpsm=0 rise=1 failed!


Error: measure  srf_dplg  when(WHEN) : out of interval
 meas ac srf_dplg when zdplg=0 rise=1 failed!

srf_ref             =  1.59119e+10
c_dasm_1g           =  1.58650e-15
c_dasm_5g           =  1.79304e-16
c_dasm_10g          =  5.75985e-17
c_dasm_20g          =  1.59237e-17
q_dasm_1g           =  9.97962e-01
q_dasm_5g           =  2.83036e-01
q_dasm_10g          =  1.65943e-01
q_dasm_20g          =  8.83932e-02
c_dalg_1g           =  1.46211e-13
c_dalg_5g           =  1.12463e-14
c_dalg_10g          =  3.00172e-15
c_dalg_20g          =  7.69803e-16
q_dalg_1g           =  9.42591e-01
q_dalg_5g           =  1.97945e-01
q_dalg_10g          =  1.02205e-01
q_dalg_20g          =  5.18872e-02
c_dpsm_1g           =  1.99074e-15
c_dpsm_5g           =  2.59995e-16
c_dpsm_10g          =  7.23356e-17
c_dpsm_20g          =  1.86579e-17
q_dpsm_1g           =  1.46626e+00
q_dpsm_5g           =  3.24133e-01
q_dpsm_10g          =  1.66171e-01
q_dpsm_20g          =  8.37531e-02
c_dplg_1g           =  1.77831e-13
c_dplg_5g           =  1.94937e-14
c_dplg_10g          =  5.18000e-15
c_dplg_20g          =  1.31633e-15
q_dplg_1g           =  1.37949e+00
q_dplg_5g           =  2.79641e-01
q_dplg_10g          =  1.40378e-01
q_dplg_20g          =  7.02824e-02
l_ref_1g            =  1.00356e-09
q_ref_1g            =  3.12793e+00
Doing analysis at TEMP = 27.000000 and TNOM = 27.000000

Using SPARSE 1.3 as Direct Linear Solver

No. of Data Rows : 174
Note: Simulation executed from .control section 
