Warning: m=xx on .subckt line will override multiplier m hierarchy!


Note: Compatibility modes selected: hs a


Circuit: * tb_mos_varactor_vscan -- sg13g2 sg13_hv_svaricap c(v), dc/dv and q(v,f) scan

Doing analysis at TEMP = 125.000000 and TNOM = 27.000000

Using SPARSE 1.3 as Direct Linear Solver

No. of Data Rows : 1739

Error: measure  srf_small  when(WHEN) : out of interval
 meas ac srf_small when zsmall=0 rise=1 failed!


Error: measure  srf_mid  when(WHEN) : out of interval
 meas ac srf_mid when zmid=0 rise=1 failed!


Error: measure  srf_large  when(WHEN) : out of interval
 meas ac srf_large when zlarge=0 rise=1 failed!


Error: measure  srf_xlarge  when(WHEN) : out of interval
 meas ac srf_xlarge when zxlarge=0 rise=1 failed!

srf_ref             =  1.59119e+10
c_small_1g          =  5.66458e-15
c_small_5g          =  5.66382e-15
c_small_10g         =  5.66139e-15
c_small_20g         =  5.65167e-15
q_small_1g          =  4.17617e+02
q_small_5g          =  8.35239e+01
q_small_10g         =  4.17620e+01
q_small_20g         =  2.08810e+01
c_mid_1g            =  5.45638e-14
c_mid_5g            =  5.29402e-14
c_mid_10g           =  4.84362e-14
c_mid_20g           =  3.61382e-14
q_mid_1g            =  2.79565e+01
q_mid_5g            =  5.59130e+00
q_mid_10g           =  2.79565e+00
q_mid_20g           =  1.39783e+00
c_large_1g          =  2.66787e-13
c_large_5g          =  1.18571e-13
c_large_10g         =  4.33359e-14
c_large_20g         =  1.22485e-14
q_large_1g          =  4.26613e+00
q_large_5g          =  8.53227e-01
q_large_10g         =  4.26614e-01
q_large_20g         =  2.13308e-01
c_xlarge_1g         =  1.06715e-12
c_xlarge_5g         =  4.74286e-13
c_xlarge_10g        =  1.73344e-13
c_xlarge_20g        =  4.89939e-14
q_xlarge_1g         =  4.26613e+00
q_xlarge_5g         =  8.53227e-01
q_xlarge_10g        =  4.26614e-01
q_xlarge_20g        =  2.13308e-01
l_ref_1g            =  1.00356e-09
q_ref_1g            =  3.12793e+00
Doing analysis at TEMP = 125.000000 and TNOM = 27.000000

Using SPARSE 1.3 as Direct Linear Solver

No. of Data Rows : 174
Note: Simulation executed from .control section 
