Warning: m=xx on .subckt line will override multiplier m hierarchy!


Note: Compatibility modes selected: hs a


Circuit: * tb_mos_varactor_vscan -- sg13g2 sg13_hv_svaricap c(v), dc/dv and q(v,f) scan

Doing analysis at TEMP = 27.000000 and TNOM = 27.000000

Using SPARSE 1.3 as Direct Linear Solver

No. of Data Rows : 1739

Error: measure  srf_small  when(WHEN) : out of interval
 meas ac srf_small when zsmall=0 rise=1 failed!


Error: measure  srf_mid  when(WHEN) : out of interval
 meas ac srf_mid when zmid=0 rise=1 failed!


Error: measure  srf_large  when(WHEN) : out of interval
 meas ac srf_large when zlarge=0 rise=1 failed!


Error: measure  srf_xlarge  when(WHEN) : out of interval
 meas ac srf_xlarge when zxlarge=0 rise=1 failed!

srf_ref             =  1.59119e+10
c_small_1g          =  1.01883e-14
c_small_5g          =  1.01837e-14
c_small_10g         =  1.01693e-14
c_small_20g         =  1.01120e-14
q_small_1g          =  2.29929e+02
q_small_5g          =  4.59860e+01
q_small_10g         =  2.29930e+01
q_small_20g         =  1.14965e+01
c_mid_1g            =  1.07881e-13
c_mid_5g            =  9.62567e-14
c_mid_10g           =  7.20090e-14
c_mid_20g           =  3.58679e-14
q_mid_1g            =  1.40617e+01
q_mid_5g            =  2.81233e+00
q_mid_10g           =  1.40617e+00
q_mid_20g           =  7.03088e-01
c_large_1g          =  4.80593e-13
c_large_5g          =  8.26592e-14
c_large_10g         =  2.30410e-14
c_large_20g         =  5.93081e-15
q_large_1g          =  1.99631e+00
q_large_5g          =  3.99264e-01
q_large_10g         =  1.99633e-01
q_large_20g         =  9.98184e-02
c_xlarge_1g         =  1.92237e-12
c_xlarge_5g         =  3.30637e-13
c_xlarge_10g        =  9.21639e-14
c_xlarge_20g        =  2.37232e-14
q_xlarge_1g         =  1.99631e+00
q_xlarge_5g         =  3.99264e-01
q_xlarge_10g        =  1.99633e-01
q_xlarge_20g        =  9.98184e-02
l_ref_1g            =  1.00356e-09
q_ref_1g            =  3.12793e+00
Doing analysis at TEMP = 27.000000 and TNOM = 27.000000

Using SPARSE 1.3 as Direct Linear Solver

No. of Data Rows : 174
Note: Simulation executed from .control section 
