Warning: m=xx on .subckt line will override multiplier m hierarchy!


Note: Compatibility modes selected: hs a


Circuit: * tb_mos_varactor_vscan -- sg13g2 sg13_hv_svaricap c(v), dc/dv and q(v,f) scan

Doing analysis at TEMP = 125.000000 and TNOM = 27.000000

Using SPARSE 1.3 as Direct Linear Solver

No. of Data Rows : 1739

Error: measure  srf_small  when(WHEN) : out of interval
 meas ac srf_small when zsmall=0 rise=1 failed!


Error: measure  srf_mid  when(WHEN) : out of interval
 meas ac srf_mid when zmid=0 rise=1 failed!


Error: measure  srf_large  when(WHEN) : out of interval
 meas ac srf_large when zlarge=0 rise=1 failed!


Error: measure  srf_xlarge  when(WHEN) : out of interval
 meas ac srf_xlarge when zxlarge=0 rise=1 failed!

srf_ref             =  1.59119e+10
c_small_1g          =  7.52636e-15
c_small_5g          =  7.52456e-15
c_small_10g         =  7.51883e-15
c_small_20g         =  7.49603e-15
q_small_1g          =  3.13866e+02
q_small_5g          =  6.27736e+01
q_small_10g         =  3.13868e+01
q_small_20g         =  1.56934e+01
c_mid_1g            =  7.64763e-14
c_mid_5g            =  7.21250e-14
c_mid_10g           =  6.12369e-14
c_mid_20g           =  3.81814e-14
q_mid_1g            =  1.99203e+01
q_mid_5g            =  3.98407e+00
q_mid_10g           =  1.99204e+00
q_mid_20g           =  9.96019e-01
c_large_1g          =  3.68624e-13
c_large_5g          =  1.04480e-13
c_large_10g         =  3.22542e-14
c_large_20g         =  8.56652e-15
q_large_1g          =  2.91427e+00
q_large_5g          =  5.82854e-01
q_large_10g         =  2.91428e-01
q_large_20g         =  1.45715e-01
c_xlarge_1g         =  1.47449e-12
c_xlarge_5g         =  4.17919e-13
c_xlarge_10g        =  1.29017e-13
c_xlarge_20g        =  3.42661e-14
q_xlarge_1g         =  2.91427e+00
q_xlarge_5g         =  5.82854e-01
q_xlarge_10g        =  2.91428e-01
q_xlarge_20g        =  1.45715e-01
l_ref_1g            =  1.00356e-09
q_ref_1g            =  3.12793e+00
Doing analysis at TEMP = 125.000000 and TNOM = 27.000000

Using SPARSE 1.3 as Direct Linear Solver

No. of Data Rows : 174
Note: Simulation executed from .control section 
