
Note: Compatibility modes selected: hs a


Circuit: * tb_diode_varactor_vscan -- sg13g2 dantenna/dpantenna reverse-bias c(v) scan

Doing analysis at TEMP = -40.000000 and TNOM = 27.000000

Using SPARSE 1.3 as Direct Linear Solver

No. of Data Rows : 1739

Error: measure  srf_dasm  when(WHEN) : out of interval
 meas ac srf_dasm when zdasm=0 rise=1 failed!


Error: measure  srf_dalg  when(WHEN) : out of interval
 meas ac srf_dalg when zdalg=0 rise=1 failed!


Error: measure  srf_dpsm  when(WHEN) : out of interval
 meas ac srf_dpsm when zdpsm=0 rise=1 failed!


Error: measure  srf_dplg  when(WHEN) : out of interval
 meas ac srf_dplg when zdplg=0 rise=1 failed!

srf_ref             =  1.59119e+10
c_dasm_1g           =  1.56577e-15
c_dasm_5g           =  1.68764e-16
c_dasm_10g          =  5.46266e-17
c_dasm_20g          =  1.51395e-17
q_dasm_1g           =  8.93471e-01
q_dasm_5g           =  2.64550e-01
q_dasm_10g          =  1.57062e-01
q_dasm_20g          =  8.39937e-02
c_dalg_1g           =  1.43945e-13
c_dalg_5g           =  1.00937e-14
c_dalg_10g          =  2.69136e-15
c_dalg_20g          =  6.90561e-16
q_dalg_1g           =  8.33125e-01
q_dalg_5g           =  1.76340e-01
q_dalg_10g          =  9.14600e-02
q_dalg_20g          =  4.65231e-02
c_dpsm_1g           =  2.05934e-15
c_dpsm_5g           =  2.37727e-16
c_dpsm_10g          =  6.53302e-17
c_dpsm_20g          =  1.67869e-17
q_dpsm_1g           =  1.29416e+00
q_dpsm_5g           =  2.90912e-01
q_dpsm_10g          =  1.49290e-01
q_dpsm_20g          =  7.52514e-02
c_dplg_1g           =  1.83596e-13
c_dplg_5g           =  1.74560e-14
c_dplg_10g          =  4.58426e-15
c_dplg_20g          =  1.16122e-15
q_dplg_1g           =  1.21230e+00
q_dplg_5g           =  2.46346e-01
q_dplg_10g          =  1.23695e-01
q_dplg_20g          =  6.19328e-02
l_ref_1g            =  1.00356e-09
q_ref_1g            =  3.12793e+00
Doing analysis at TEMP = -40.000000 and TNOM = 27.000000

Using SPARSE 1.3 as Direct Linear Solver

No. of Data Rows : 174
Note: Simulation executed from .control section 
