Warning: m=xx on .subckt line will override multiplier m hierarchy!


Note: Compatibility modes selected: hs a


Circuit: * tb_mos_varactor_vscan -- sg13g2 sg13_hv_svaricap c(v), dc/dv and q(v,f) scan

Doing analysis at TEMP = 27.000000 and TNOM = 27.000000

Using SPARSE 1.3 as Direct Linear Solver

No. of Data Rows : 1739

Error: measure  srf_small  when(WHEN) : out of interval
 meas ac srf_small when zsmall=0 rise=1 failed!


Error: measure  srf_mid  when(WHEN) : out of interval
 meas ac srf_mid when zmid=0 rise=1 failed!


Error: measure  srf_large  when(WHEN) : out of interval
 meas ac srf_large when zlarge=0 rise=1 failed!


Error: measure  srf_xlarge  when(WHEN) : out of interval
 meas ac srf_xlarge when zxlarge=0 rise=1 failed!

srf_ref             =  1.59119e+10
c_small_1g          =  1.06350e-14
c_small_5g          =  1.06297e-14
c_small_10g         =  1.06133e-14
c_small_20g         =  1.05481e-14
q_small_1g          =  2.20152e+02
q_small_5g          =  4.40305e+01
q_small_10g         =  2.20153e+01
q_small_20g         =  1.10076e+01
c_mid_1g            =  1.12962e-13
c_mid_5g            =  9.97458e-14
c_mid_10g           =  7.30414e-14
c_mid_20g           =  3.52706e-14
q_mid_1g            =  1.34216e+01
q_mid_5g            =  2.68433e+00
q_mid_10g           =  1.34217e+00
q_mid_20g           =  6.71087e-01
c_large_1g          =  4.94476e-13
c_large_5g          =  7.97354e-14
c_large_10g         =  2.20200e-14
c_large_20g         =  5.65296e-15
q_large_1g          =  1.90107e+00
q_large_5g          =  3.80215e-01
q_large_10g         =  1.90109e-01
q_large_20g         =  9.50562e-02
c_xlarge_1g         =  1.97790e-12
c_xlarge_5g         =  3.18942e-13
c_xlarge_10g        =  8.80798e-14
c_xlarge_20g        =  2.26119e-14
q_xlarge_1g         =  1.90107e+00
q_xlarge_5g         =  3.80215e-01
q_xlarge_10g        =  1.90109e-01
q_xlarge_20g        =  9.50562e-02
l_ref_1g            =  1.00356e-09
q_ref_1g            =  3.12793e+00
Doing analysis at TEMP = 27.000000 and TNOM = 27.000000

Using SPARSE 1.3 as Direct Linear Solver

No. of Data Rows : 174
Note: Simulation executed from .control section 
