
Note: Compatibility modes selected: hs a


Circuit: * tb_diode_varactor_vscan -- sg13g2 dantenna/dpantenna reverse-bias c(v) scan

Doing analysis at TEMP = -40.000000 and TNOM = 27.000000

Using SPARSE 1.3 as Direct Linear Solver

No. of Data Rows : 1739

Error: measure  srf_dasm  when(WHEN) : out of interval
 meas ac srf_dasm when zdasm=0 rise=1 failed!


Error: measure  srf_dalg  when(WHEN) : out of interval
 meas ac srf_dalg when zdalg=0 rise=1 failed!


Error: measure  srf_dpsm  when(WHEN) : out of interval
 meas ac srf_dpsm when zdpsm=0 rise=1 failed!


Error: measure  srf_dplg  when(WHEN) : out of interval
 meas ac srf_dplg when zdplg=0 rise=1 failed!

srf_ref             =  1.59119e+10
c_dasm_1g           =  1.58480e-15
c_dasm_5g           =  1.95504e-16
c_dasm_10g          =  6.22230e-17
c_dasm_20g          =  1.71430e-17
q_dasm_1g           =  1.16416e+00
q_dasm_5g           =  3.12342e-01
q_dasm_10g          =  1.79870e-01
q_dasm_20g          =  9.52471e-02
c_dalg_1g           =  1.46028e-13
c_dalg_5g           =  1.27970e-14
c_dalg_10g          =  3.42841e-15
c_dalg_20g          =  8.79327e-16
q_dalg_1g           =  1.09434e+00
q_dalg_5g           =  2.27892e-01
q_dalg_10g          =  1.17089e-01
q_dalg_20g          =  5.93153e-02
c_dpsm_1g           =  1.87043e-15
c_dpsm_5g           =  2.89956e-16
c_dpsm_10g          =  8.23556e-17
c_dpsm_20g          =  2.13816e-17
q_dpsm_1g           =  1.71543e+00
q_dpsm_5g           =  3.72565e-01
q_dpsm_10g          =  1.90845e-01
q_dpsm_20g          =  9.61986e-02
c_dplg_1g           =  1.67320e-13
c_dplg_5g           =  2.22464e-14
c_dplg_10g          =  6.02688e-15
c_dplg_20g          =  1.53976e-15
q_dplg_1g           =  1.62109e+00
q_dplg_5g           =  3.27789e-01
q_dplg_10g          =  1.64511e-01
q_dplg_20g          =  8.23639e-02
l_ref_1g            =  1.00356e-09
q_ref_1g            =  3.12793e+00
Doing analysis at TEMP = -40.000000 and TNOM = 27.000000

Using SPARSE 1.3 as Direct Linear Solver

No. of Data Rows : 174
Note: Simulation executed from .control section 
