Warning: m=xx on .subckt line will override multiplier m hierarchy!


Note: Compatibility modes selected: hs a


Circuit: * tb_mos_varactor_vscan -- sg13g2 sg13_hv_svaricap c(v), dc/dv and q(v,f) scan

Doing analysis at TEMP = -40.000000 and TNOM = 27.000000

Using SPARSE 1.3 as Direct Linear Solver

No. of Data Rows : 1739

Error: measure  srf_small  when(WHEN) : out of interval
 meas ac srf_small when zsmall=0 rise=1 failed!


Error: measure  srf_mid  when(WHEN) : out of interval
 meas ac srf_mid when zmid=0 rise=1 failed!


Error: measure  srf_large  when(WHEN) : out of interval
 meas ac srf_large when zlarge=0 rise=1 failed!


Error: measure  srf_xlarge  when(WHEN) : out of interval
 meas ac srf_xlarge when zxlarge=0 rise=1 failed!

srf_ref             =  1.59119e+10
c_small_1g          =  5.49944e-15
c_small_5g          =  5.49875e-15
c_small_10g         =  5.49652e-15
c_small_20g         =  5.48763e-15
q_small_1g          =  4.30129e+02
q_small_5g          =  8.60260e+01
q_small_10g         =  4.30131e+01
q_small_20g         =  2.15065e+01
c_mid_1g            =  5.25698e-14
c_mid_5g            =  5.11146e-14
c_mid_10g           =  4.70451e-14
c_mid_20g           =  3.56819e-14
q_mid_1g            =  2.90179e+01
q_mid_5g            =  5.80358e+00
q_mid_10g           =  2.90180e+00
q_mid_20g           =  1.45090e+00
c_large_1g          =  2.56492e-13
c_large_5g          =  1.19274e-13
c_large_10g         =  4.46419e-14
c_large_20g         =  1.27444e-14
q_large_1g          =  4.45662e+00
q_large_5g          =  8.91326e-01
q_large_10g         =  4.45664e-01
q_large_20g         =  2.22833e-01
c_xlarge_1g         =  1.02597e-12
c_xlarge_5g         =  4.77096e-13
c_xlarge_10g        =  1.78568e-13
c_xlarge_20g        =  5.09774e-14
q_xlarge_1g         =  4.45662e+00
q_xlarge_5g         =  8.91326e-01
q_xlarge_10g        =  4.45664e-01
q_xlarge_20g        =  2.22833e-01
l_ref_1g            =  1.00356e-09
q_ref_1g            =  3.12793e+00
Doing analysis at TEMP = -40.000000 and TNOM = 27.000000

Using SPARSE 1.3 as Direct Linear Solver

No. of Data Rows : 174
Note: Simulation executed from .control section 
