Warning: m=xx on .subckt line will override multiplier m hierarchy!


Note: Compatibility modes selected: hs a


Circuit: * tb_mos_varactor_vscan -- sg13g2 sg13_hv_svaricap c(v), dc/dv and q(v,f) scan

Doing analysis at TEMP = 27.000000 and TNOM = 27.000000

Using SPARSE 1.3 as Direct Linear Solver

No. of Data Rows : 1739

Error: measure  srf_small  when(WHEN) : out of interval
 meas ac srf_small when zsmall=0 rise=1 failed!


Error: measure  srf_mid  when(WHEN) : out of interval
 meas ac srf_mid when zmid=0 rise=1 failed!


Error: measure  srf_large  when(WHEN) : out of interval
 meas ac srf_large when zlarge=0 rise=1 failed!


Error: measure  srf_xlarge  when(WHEN) : out of interval
 meas ac srf_xlarge when zxlarge=0 rise=1 failed!

srf_ref             =  1.59119e+10
c_small_1g          =  7.51100e-15
c_small_5g          =  7.50919e-15
c_small_10g         =  7.50345e-15
c_small_20g         =  7.48059e-15
q_small_1g          =  3.13199e+02
q_small_5g          =  6.26400e+01
q_small_10g         =  3.13201e+01
q_small_20g         =  1.56600e+01
c_mid_1g            =  7.62947e-14
c_mid_5g            =  7.19647e-14
c_mid_10g           =  6.11239e-14
c_mid_20g           =  3.81415e-14
q_mid_1g            =  1.99469e+01
q_mid_5g            =  3.98938e+00
q_mid_10g           =  1.99469e+00
q_mid_20g           =  9.97348e-01
c_large_1g          =  3.67830e-13
c_large_5g          =  1.04559e-13
c_large_10g         =  3.23044e-14
c_large_20g         =  8.58213e-15
q_large_1g          =  2.92089e+00
q_large_5g          =  5.84179e-01
q_large_10g         =  2.92091e-01
q_large_20g         =  1.46047e-01
c_xlarge_1g         =  1.47132e-12
c_xlarge_5g         =  4.18234e-13
c_xlarge_10g        =  1.29217e-13
c_xlarge_20g        =  3.43285e-14
q_xlarge_1g         =  2.92089e+00
q_xlarge_5g         =  5.84179e-01
q_xlarge_10g        =  2.92091e-01
q_xlarge_20g        =  1.46047e-01
l_ref_1g            =  1.00356e-09
q_ref_1g            =  3.12793e+00
Doing analysis at TEMP = 27.000000 and TNOM = 27.000000

Using SPARSE 1.3 as Direct Linear Solver

No. of Data Rows : 174
Note: Simulation executed from .control section 
