Warning: m=xx on .subckt line will override multiplier m hierarchy!


Note: Compatibility modes selected: hs a


Circuit: * tb_mos_varactor_vscan -- sg13g2 sg13_hv_svaricap c(v), dc/dv and q(v,f) scan

Doing analysis at TEMP = -40.000000 and TNOM = 27.000000

Using SPARSE 1.3 as Direct Linear Solver

No. of Data Rows : 1739

Error: measure  srf_small  when(WHEN) : out of interval
 meas ac srf_small when zsmall=0 rise=1 failed!


Error: measure  srf_mid  when(WHEN) : out of interval
 meas ac srf_mid when zmid=0 rise=1 failed!


Error: measure  srf_large  when(WHEN) : out of interval
 meas ac srf_large when zlarge=0 rise=1 failed!


Error: measure  srf_xlarge  when(WHEN) : out of interval
 meas ac srf_xlarge when zxlarge=0 rise=1 failed!

srf_ref             =  1.59119e+10
c_small_1g          =  8.64186e-15
c_small_5g          =  8.63907e-15
c_small_10g         =  8.63030e-15
c_small_20g         =  8.59538e-15
q_small_1g          =  2.71595e+02
q_small_5g          =  5.43192e+01
q_small_10g         =  2.71596e+01
q_small_20g         =  1.35798e+01
c_mid_1g            =  8.97184e-14
c_mid_5g            =  8.28157e-14
c_mid_10g           =  6.67637e-14
c_mid_20g           =  3.76069e-14
q_mid_1g            =  1.69394e+01
q_mid_5g            =  3.38788e+00
q_mid_10g           =  1.69394e+00
q_mid_20g           =  8.46975e-01
c_large_1g          =  4.21107e-13
c_large_5g          =  9.46187e-14
c_large_10g         =  2.76435e-14
c_large_20g         =  7.21511e-15
q_large_1g          =  2.44036e+00
q_large_5g          =  4.88072e-01
q_large_10g         =  2.44037e-01
q_large_20g         =  1.22020e-01
c_xlarge_1g         =  1.68443e-12
c_xlarge_5g         =  3.78475e-13
c_xlarge_10g        =  1.10574e-13
c_xlarge_20g        =  2.88605e-14
q_xlarge_1g         =  2.44036e+00
q_xlarge_5g         =  4.88072e-01
q_xlarge_10g        =  2.44037e-01
q_xlarge_20g        =  1.22020e-01
l_ref_1g            =  1.00356e-09
q_ref_1g            =  3.12793e+00
Doing analysis at TEMP = -40.000000 and TNOM = 27.000000

Using SPARSE 1.3 as Direct Linear Solver

No. of Data Rows : 174
Note: Simulation executed from .control section 
