
Note: Compatibility modes selected: hs a


Circuit: * tb_diode_varactor_vscan -- sg13g2 dantenna/dpantenna reverse-bias c(v) scan

Doing analysis at TEMP = 27.000000 and TNOM = 27.000000

Using SPARSE 1.3 as Direct Linear Solver

No. of Data Rows : 1739

Error: measure  srf_dasm  when(WHEN) : out of interval
 meas ac srf_dasm when zdasm=0 rise=1 failed!


Error: measure  srf_dalg  when(WHEN) : out of interval
 meas ac srf_dalg when zdalg=0 rise=1 failed!


Error: measure  srf_dpsm  when(WHEN) : out of interval
 meas ac srf_dpsm when zdpsm=0 rise=1 failed!


Error: measure  srf_dplg  when(WHEN) : out of interval
 meas ac srf_dplg when zdplg=0 rise=1 failed!

srf_ref             =  1.59119e+10
c_dasm_1g           =  1.57441e-15
c_dasm_5g           =  1.72055e-16
c_dasm_10g          =  5.55503e-17
c_dasm_20g          =  1.53830e-17
q_dasm_1g           =  9.25811e-01
q_dasm_5g           =  2.70274e-01
q_dasm_10g          =  1.59816e-01
q_dasm_20g          =  8.53590e-02
c_dalg_1g           =  1.44992e-13
c_dalg_5g           =  1.04892e-14
c_dalg_10g          =  2.79723e-15
c_dalg_20g          =  7.17546e-16
q_dalg_1g           =  8.70402e-01
q_dalg_5g           =  1.83696e-01
q_dalg_10g          =  9.51178e-02
q_dalg_20g          =  4.83488e-02
c_dpsm_1g           =  2.04021e-15
c_dpsm_5g           =  2.44888e-16
c_dpsm_10g          =  6.75129e-17
c_dpsm_20g          =  1.73641e-17
q_dpsm_1g           =  1.34963e+00
q_dpsm_5g           =  3.01311e-01
q_dpsm_10g          =  1.54511e-01
q_dpsm_20g          =  7.78693e-02
c_dplg_1g           =  1.81961e-13
c_dplg_5g           =  1.81231e-14
c_dplg_10g          =  4.77640e-15
c_dplg_20g          =  1.21105e-15
q_dplg_1g           =  1.26623e+00
q_dplg_5g           =  2.57053e-01
q_dplg_10g          =  1.29051e-01
q_dplg_20g          =  6.46116e-02
l_ref_1g            =  1.00356e-09
q_ref_1g            =  3.12793e+00
Doing analysis at TEMP = 27.000000 and TNOM = 27.000000

Using SPARSE 1.3 as Direct Linear Solver

No. of Data Rows : 174
Note: Simulation executed from .control section 
