
Note: Compatibility modes selected: hs a


Circuit: * tb_diode_varactor_vscan -- sg13g2 dantenna/dpantenna reverse-bias c(v) scan

Doing analysis at TEMP = 125.000000 and TNOM = 27.000000

Using SPARSE 1.3 as Direct Linear Solver

No. of Data Rows : 1739

Error: measure  srf_dasm  when(WHEN) : out of interval
 meas ac srf_dasm when zdasm=0 rise=1 failed!


Error: measure  srf_dalg  when(WHEN) : out of interval
 meas ac srf_dalg when zdalg=0 rise=1 failed!


Error: measure  srf_dpsm  when(WHEN) : out of interval
 meas ac srf_dpsm when zdpsm=0 rise=1 failed!


Error: measure  srf_dplg  when(WHEN) : out of interval
 meas ac srf_dplg when zdplg=0 rise=1 failed!

srf_ref             =  1.59119e+10
c_dasm_1g           =  1.58056e-15
c_dasm_5g           =  1.75456e-16
c_dasm_10g          =  5.66052e-17
c_dasm_20g          =  1.56789e-17
q_dasm_1g           =  9.59405e-01
q_dasm_5g           =  2.76407e-01
q_dasm_10g          =  1.63019e-01
q_dasm_20g          =  8.70275e-02
c_dalg_1g           =  1.46435e-13
c_dalg_5g           =  1.15448e-14
c_dalg_10g          =  3.08306e-15
c_dalg_20g          =  7.90635e-16
q_dalg_1g           =  9.71383e-01
q_dalg_5g           =  2.03628e-01
q_dalg_10g          =  1.05031e-01
q_dalg_20g          =  5.32987e-02
c_dpsm_1g           =  1.96525e-15
c_dpsm_5g           =  2.66726e-16
c_dpsm_10g          =  7.46184e-17
c_dpsm_20g          =  1.92820e-17
q_dpsm_1g           =  1.51761e+00
q_dpsm_5g           =  3.34796e-01
q_dpsm_10g          =  1.71763e-01
q_dpsm_20g          =  8.66010e-02
c_dplg_1g           =  1.75788e-13
c_dplg_5g           =  2.00828e-14
c_dplg_10g          =  5.35783e-15
c_dplg_20g          =  1.36304e-15
q_dplg_1g           =  1.42923e+00
q_dplg_5g           =  2.89628e-01
q_dplg_10g          =  1.45405e-01
q_dplg_20g          =  7.28035e-02
l_ref_1g            =  1.00356e-09
q_ref_1g            =  3.12793e+00
Doing analysis at TEMP = 125.000000 and TNOM = 27.000000

Using SPARSE 1.3 as Direct Linear Solver

No. of Data Rows : 174
Note: Simulation executed from .control section 
