
Note: Compatibility modes selected: hs a


Circuit: * tb_diode_varactor_vscan -- sg13g2 dantenna/dpantenna reverse-bias c(v) scan

Doing analysis at TEMP = -40.000000 and TNOM = 27.000000

Using SPARSE 1.3 as Direct Linear Solver

No. of Data Rows : 1739

Error: measure  srf_dasm  when(WHEN) : out of interval
 meas ac srf_dasm when zdasm=0 rise=1 failed!


Error: measure  srf_dalg  when(WHEN) : out of interval
 meas ac srf_dalg when zdalg=0 rise=1 failed!


Error: measure  srf_dpsm  when(WHEN) : out of interval
 meas ac srf_dpsm when zdpsm=0 rise=1 failed!


Error: measure  srf_dplg  when(WHEN) : out of interval
 meas ac srf_dplg when zdplg=0 rise=1 failed!

srf_ref             =  1.59119e+10
c_dasm_1g           =  1.58913e-15
c_dasm_5g           =  1.90341e-16
c_dasm_10g          =  6.07368e-17
c_dasm_20g          =  1.67506e-17
q_dasm_1g           =  1.11040e+00
q_dasm_5g           =  3.02868e-01
q_dasm_10g          =  1.75377e-01
q_dasm_20g          =  9.30388e-02
c_dalg_1g           =  1.46444e-13
c_dalg_5g           =  1.22721e-14
c_dalg_10g          =  3.28273e-15
c_dalg_20g          =  8.41858e-16
q_dalg_1g           =  1.04234e+00
q_dalg_5g           =  2.17631e-01
q_dalg_10g          =  1.11992e-01
q_dalg_20g          =  5.67721e-02
c_dpsm_1g           =  1.91169e-15
c_dpsm_5g           =  2.80287e-16
c_dpsm_10g          =  7.90734e-17
c_dpsm_20g          =  2.04861e-17
q_dpsm_1g           =  1.63150e+00
q_dpsm_5g           =  3.56468e-01
q_dpsm_10g          =  1.82699e-01
q_dpsm_20g          =  9.20987e-02
c_dplg_1g           =  1.71009e-13
c_dplg_5g           =  2.13466e-14
c_dplg_10g          =  5.74435e-15
c_dplg_20g          =  1.46484e-15
q_dplg_1g           =  1.53971e+00
q_dplg_5g           =  3.11595e-01
q_dplg_10g          =  1.56401e-01
q_dplg_20g          =  7.83055e-02
l_ref_1g            =  1.00356e-09
q_ref_1g            =  3.12793e+00
Doing analysis at TEMP = -40.000000 and TNOM = 27.000000

Using SPARSE 1.3 as Direct Linear Solver

No. of Data Rows : 174
Note: Simulation executed from .control section 
