
Note: Compatibility modes selected: hs a


Circuit: * tb_diode_varactor_vscan -- sg13g2 dantenna/dpantenna reverse-bias c(v) scan

Doing analysis at TEMP = 27.000000 and TNOM = 27.000000

Using SPARSE 1.3 as Direct Linear Solver

No. of Data Rows : 1739

Error: measure  srf_dasm  when(WHEN) : out of interval
 meas ac srf_dasm when zdasm=0 rise=1 failed!


Error: measure  srf_dalg  when(WHEN) : out of interval
 meas ac srf_dalg when zdalg=0 rise=1 failed!


Error: measure  srf_dpsm  when(WHEN) : out of interval
 meas ac srf_dpsm when zdpsm=0 rise=1 failed!


Error: measure  srf_dplg  when(WHEN) : out of interval
 meas ac srf_dplg when zdplg=0 rise=1 failed!

srf_ref             =  1.59119e+10
c_dasm_1g           =  1.54631e-15
c_dasm_5g           =  1.63201e-16
c_dasm_10g          =  5.30569e-17
c_dasm_20g          =  1.47231e-17
q_dasm_1g           =  8.39366e-01
q_dasm_5g           =  2.54939e-01
q_dasm_10g          =  1.52387e-01
q_dasm_20g          =  8.16598e-02
c_dalg_1g           =  1.41938e-13
c_dalg_5g           =  9.53606e-15
c_dalg_10g          =  2.54273e-15
c_dalg_20g          =  6.52680e-16
q_dalg_1g           =  7.81029e-01
q_dalg_5g           =  1.66053e-01
q_dalg_10g          =  8.63355e-02
q_dalg_20g          =  4.39615e-02
c_dpsm_1g           =  2.08959e-15
c_dpsm_5g           =  2.24988e-16
c_dpsm_10g          =  6.13191e-17
c_dpsm_20g          =  1.57144e-17
q_dpsm_1g           =  1.20494e+00
q_dpsm_5g           =  2.72505e-01
q_dpsm_10g          =  1.39708e-01
q_dpsm_20g          =  7.03890e-02
c_dplg_1g           =  1.85687e-13
c_dplg_5g           =  1.63506e-14
c_dplg_10g          =  4.26851e-15
c_dplg_20g          =  1.07948e-15
q_dplg_1g           =  1.12547e+00
q_dplg_5g           =  2.28924e-01
q_dplg_10g          =  1.14934e-01
q_dplg_20g          =  5.75423e-02
l_ref_1g            =  1.00356e-09
q_ref_1g            =  3.12793e+00
Doing analysis at TEMP = 27.000000 and TNOM = 27.000000

Using SPARSE 1.3 as Direct Linear Solver

No. of Data Rows : 174
Note: Simulation executed from .control section 
