
Note: Compatibility modes selected: hs a


Circuit: * tb_diode_varactor_vscan -- sg13g2 dantenna/dpantenna reverse-bias c(v) scan

Doing analysis at TEMP = 27.000000 and TNOM = 27.000000

Using SPARSE 1.3 as Direct Linear Solver

No. of Data Rows : 1739

Error: measure  srf_dasm  when(WHEN) : out of interval
 meas ac srf_dasm when zdasm=0 rise=1 failed!


Error: measure  srf_dalg  when(WHEN) : out of interval
 meas ac srf_dalg when zdalg=0 rise=1 failed!


Error: measure  srf_dpsm  when(WHEN) : out of interval
 meas ac srf_dpsm when zdpsm=0 rise=1 failed!


Error: measure  srf_dplg  when(WHEN) : out of interval
 meas ac srf_dplg when zdplg=0 rise=1 failed!

srf_ref             =  1.59119e+10
c_dasm_1g           =  1.59002e-15
c_dasm_5g           =  1.85226e-16
c_dasm_10g          =  5.92841e-17
c_dasm_20g          =  1.63690e-17
q_dasm_1g           =  1.05788e+00
q_dasm_5g           =  2.93624e-01
q_dasm_10g          =  1.71005e-01
q_dasm_20g          =  9.08945e-02
c_dalg_1g           =  1.46529e-13
c_dalg_5g           =  1.18798e-14
c_dalg_10g          =  3.17466e-15
c_dalg_20g          =  8.14108e-16
q_dalg_1g           =  1.00391e+00
q_dalg_5g           =  2.10047e-01
q_dalg_10g          =  1.08221e-01
q_dalg_20g          =  5.48899e-02
c_dpsm_1g           =  1.94471e-15
c_dpsm_5g           =  2.72236e-16
c_dpsm_10g          =  7.63359e-17
c_dpsm_20g          =  1.97379e-17
q_dpsm_1g           =  1.56532e+00
q_dpsm_5g           =  3.43332e-01
q_dpsm_10g          =  1.75941e-01
q_dpsm_20g          =  8.86777e-02
c_dplg_1g           =  1.73839e-13
c_dplg_5g           =  2.06167e-14
c_dplg_10g          =  5.51896e-15
c_dplg_20g          =  1.40531e-15
q_dplg_1g           =  1.47560e+00
q_dplg_5g           =  2.98788e-01
q_dplg_10g          =  1.49974e-01
q_dplg_20g          =  7.50858e-02
l_ref_1g            =  1.00356e-09
q_ref_1g            =  3.12793e+00
Doing analysis at TEMP = 27.000000 and TNOM = 27.000000

Using SPARSE 1.3 as Direct Linear Solver

No. of Data Rows : 174
Note: Simulation executed from .control section 
