Warning: m=xx on .subckt line will override multiplier m hierarchy!


Note: Compatibility modes selected: hs a


Circuit: * tb_mos_varactor_vscan -- sg13g2 sg13_hv_svaricap c(v), dc/dv and q(v,f) scan

Doing analysis at TEMP = 125.000000 and TNOM = 27.000000

Using SPARSE 1.3 as Direct Linear Solver

No. of Data Rows : 1739

Error: measure  srf_small  when(WHEN) : out of interval
 meas ac srf_small when zsmall=0 rise=1 failed!


Error: measure  srf_mid  when(WHEN) : out of interval
 meas ac srf_mid when zmid=0 rise=1 failed!


Error: measure  srf_large  when(WHEN) : out of interval
 meas ac srf_large when zlarge=0 rise=1 failed!


Error: measure  srf_xlarge  when(WHEN) : out of interval
 meas ac srf_xlarge when zxlarge=0 rise=1 failed!

srf_ref             =  1.59119e+10
c_small_1g          =  5.72665e-15
c_small_5g          =  5.72587e-15
c_small_10g         =  5.72335e-15
c_small_20g         =  5.71331e-15
q_small_1g          =  4.13015e+02
q_small_5g          =  8.26034e+01
q_small_10g         =  4.13017e+01
q_small_20g         =  2.06508e+01
c_mid_1g            =  5.52226e-14
c_mid_5g            =  5.35405e-14
c_mid_10g           =  4.88871e-14
c_mid_20g           =  3.62757e-14
q_mid_1g            =  2.76212e+01
q_mid_5g            =  5.52424e+00
q_mid_10g           =  2.76212e+00
q_mid_20g           =  1.38106e+00
c_large_1g          =  2.69871e-13
c_large_5g          =  1.18321e-13
c_large_10g         =  4.29499e-14
c_large_20g         =  1.21053e-14
q_large_1g          =  4.21163e+00
q_large_5g          =  8.42327e-01
q_large_10g         =  4.21165e-01
q_large_20g         =  2.10583e-01
c_xlarge_1g         =  1.07948e-12
c_xlarge_5g         =  4.73285e-13
c_xlarge_10g        =  1.71799e-13
c_xlarge_20g        =  4.84212e-14
q_xlarge_1g         =  4.21163e+00
q_xlarge_5g         =  8.42327e-01
q_xlarge_10g        =  4.21165e-01
q_xlarge_20g        =  2.10583e-01
l_ref_1g            =  1.00356e-09
q_ref_1g            =  3.12793e+00
Doing analysis at TEMP = 125.000000 and TNOM = 27.000000

Using SPARSE 1.3 as Direct Linear Solver

No. of Data Rows : 174
Note: Simulation executed from .control section 
