Warning: m=xx on .subckt line will override multiplier m hierarchy!


Note: Compatibility modes selected: hs a


Circuit: * tb_mos_varactor_vscan -- sg13g2 sg13_hv_svaricap c(v), dc/dv and q(v,f) scan

Doing analysis at TEMP = 125.000000 and TNOM = 27.000000

Using SPARSE 1.3 as Direct Linear Solver

No. of Data Rows : 1739

Error: measure  srf_small  when(WHEN) : out of interval
 meas ac srf_small when zsmall=0 rise=1 failed!


Error: measure  srf_mid  when(WHEN) : out of interval
 meas ac srf_mid when zmid=0 rise=1 failed!


Error: measure  srf_large  when(WHEN) : out of interval
 meas ac srf_large when zlarge=0 rise=1 failed!


Error: measure  srf_xlarge  when(WHEN) : out of interval
 meas ac srf_xlarge when zxlarge=0 rise=1 failed!

srf_ref             =  1.59119e+10
c_small_1g          =  6.75816e-15
c_small_5g          =  6.75685e-15
c_small_10g         =  6.75270e-15
c_small_20g         =  6.73612e-15
q_small_1g          =  3.48996e+02
q_small_5g          =  6.97994e+01
q_small_10g         =  3.48997e+01
q_small_20g         =  1.74498e+01
c_mid_1g            =  6.74135e-14
c_mid_5g            =  6.43934e-14
c_mid_10g           =  5.64856e-14
c_mid_20g           =  3.78788e-14
q_mid_1g            =  2.25993e+01
q_mid_5g            =  4.51986e+00
q_mid_10g           =  2.25993e+00
q_mid_20g           =  1.12997e+00
c_large_1g          =  3.28642e-13
c_large_5g          =  1.11088e-13
c_large_10g         =  3.62010e-14
c_large_20g         =  9.79333e-15
q_large_1g          =  3.35484e+00
q_large_5g          =  6.70970e-01
q_large_10g         =  3.35486e-01
q_large_20g         =  1.67744e-01
c_xlarge_1g         =  1.31457e-12
c_xlarge_5g         =  4.44354e-13
c_xlarge_10g        =  1.44804e-13
c_xlarge_20g        =  3.91733e-14
q_xlarge_1g         =  3.35484e+00
q_xlarge_5g         =  6.70970e-01
q_xlarge_10g        =  3.35486e-01
q_xlarge_20g        =  1.67744e-01
l_ref_1g            =  1.00356e-09
q_ref_1g            =  3.12793e+00
Doing analysis at TEMP = 125.000000 and TNOM = 27.000000

Using SPARSE 1.3 as Direct Linear Solver

No. of Data Rows : 174
Note: Simulation executed from .control section 
