
Note: Compatibility modes selected: hs a


Circuit: * tb_diode_varactor_vscan -- sg13g2 dantenna/dpantenna reverse-bias c(v) scan

Doing analysis at TEMP = 125.000000 and TNOM = 27.000000

Using SPARSE 1.3 as Direct Linear Solver

No. of Data Rows : 1739

Error: measure  srf_dasm  when(WHEN) : out of interval
 meas ac srf_dasm when zdasm=0 rise=1 failed!


Error: measure  srf_dalg  when(WHEN) : out of interval
 meas ac srf_dalg when zdalg=0 rise=1 failed!


Error: measure  srf_dpsm  when(WHEN) : out of interval
 meas ac srf_dpsm when zdpsm=0 rise=1 failed!


Error: measure  srf_dplg  when(WHEN) : out of interval
 meas ac srf_dplg when zdplg=0 rise=1 failed!

srf_ref             =  1.59119e+10
c_dasm_1g           =  1.56972e-15
c_dasm_5g           =  1.70361e-16
c_dasm_10g          =  5.51477e-17
c_dasm_20g          =  1.52900e-17
q_dasm_1g           =  9.09053e-01
q_dasm_5g           =  2.67450e-01
q_dasm_10g          =  1.58653e-01
q_dasm_20g          =  8.48442e-02
c_dalg_1g           =  1.45670e-13
c_dalg_5g           =  1.08347e-14
c_dalg_10g          =  2.89029e-15
c_dalg_20g          =  7.41314e-16
q_dalg_1g           =  9.03208e-01
q_dalg_5g           =  1.90172e-01
q_dalg_10g          =  9.83395e-02
q_dalg_20g          =  4.99578e-02
c_dpsm_1g           =  2.01557e-15
c_dpsm_5g           =  2.52538e-16
c_dpsm_10g          =  7.00099e-17
c_dpsm_20g          =  1.80390e-17
q_dpsm_1g           =  1.40581e+00
q_dpsm_5g           =  3.12889e-01
q_dpsm_10g          =  1.60552e-01
q_dpsm_20g          =  8.09390e-02
c_dplg_1g           =  1.80052e-13
c_dplg_5g           =  1.87921e-14
c_dplg_10g          =  4.97286e-15
c_dplg_20g          =  1.26228e-15
q_dplg_1g           =  1.32076e+00
q_dplg_5g           =  2.67992e-01
q_dplg_10g          =  1.34554e-01
q_dplg_20g          =  6.73700e-02
l_ref_1g            =  1.00356e-09
q_ref_1g            =  3.12793e+00
Doing analysis at TEMP = 125.000000 and TNOM = 27.000000

Using SPARSE 1.3 as Direct Linear Solver

No. of Data Rows : 174
Note: Simulation executed from .control section 
