Warning: m=xx on .subckt line will override multiplier m hierarchy!


Note: Compatibility modes selected: hs a


Circuit: * tb_mos_varactor_vscan -- sg13g2 sg13_hv_svaricap c(v), dc/dv and q(v,f) scan

Doing analysis at TEMP = 125.000000 and TNOM = 27.000000

Using SPARSE 1.3 as Direct Linear Solver

No. of Data Rows : 1739

Error: measure  srf_small  when(WHEN) : out of interval
 meas ac srf_small when zsmall=0 rise=1 failed!


Error: measure  srf_mid  when(WHEN) : out of interval
 meas ac srf_mid when zmid=0 rise=1 failed!


Error: measure  srf_large  when(WHEN) : out of interval
 meas ac srf_large when zlarge=0 rise=1 failed!


Error: measure  srf_xlarge  when(WHEN) : out of interval
 meas ac srf_xlarge when zxlarge=0 rise=1 failed!

srf_ref             =  1.59119e+10
c_small_1g          =  1.04003e-14
c_small_5g          =  1.03956e-14
c_small_10g         =  1.03808e-14
c_small_20g         =  1.03219e-14
q_small_1g          =  2.29186e+02
q_small_5g          =  4.58373e+01
q_small_10g         =  2.29187e+01
q_small_20g         =  1.14593e+01
c_mid_1g            =  1.10224e-13
c_mid_5g            =  9.79698e-14
c_mid_10g           =  7.27084e-14
c_mid_20g           =  3.57924e-14
q_mid_1g            =  1.38155e+01
q_mid_5g            =  2.76311e+00
q_mid_10g           =  1.38156e+00
q_mid_20g           =  6.90777e-01
c_large_1g          =  4.87239e-13
c_large_5g          =  8.15073e-14
c_large_10g         =  2.26269e-14
c_large_20g         =  5.81729e-15
q_large_1g          =  1.95482e+00
q_large_5g          =  3.90964e-01
q_large_10g         =  1.95482e-01
q_large_20g         =  9.77410e-02
c_xlarge_1g         =  1.94896e-12
c_xlarge_5g         =  3.26029e-13
c_xlarge_10g        =  9.05077e-14
c_xlarge_20g        =  2.32692e-14
q_xlarge_1g         =  1.95482e+00
q_xlarge_5g         =  3.90964e-01
q_xlarge_10g        =  1.95482e-01
q_xlarge_20g        =  9.77410e-02
l_ref_1g            =  1.00356e-09
q_ref_1g            =  3.12793e+00
Doing analysis at TEMP = 125.000000 and TNOM = 27.000000

Using SPARSE 1.3 as Direct Linear Solver

No. of Data Rows : 174
Note: Simulation executed from .control section 
