Warning: m=xx on .subckt line will override multiplier m hierarchy!


Note: Compatibility modes selected: hs a


Circuit: * tb_mos_varactor_vscan -- sg13g2 sg13_hv_svaricap c(v), dc/dv and q(v,f) scan

Doing analysis at TEMP = 125.000000 and TNOM = 27.000000

Using SPARSE 1.3 as Direct Linear Solver

No. of Data Rows : 1739

Error: measure  srf_small  when(WHEN) : out of interval
 meas ac srf_small when zsmall=0 rise=1 failed!


Error: measure  srf_mid  when(WHEN) : out of interval
 meas ac srf_mid when zmid=0 rise=1 failed!


Error: measure  srf_large  when(WHEN) : out of interval
 meas ac srf_large when zlarge=0 rise=1 failed!


Error: measure  srf_xlarge  when(WHEN) : out of interval
 meas ac srf_xlarge when zxlarge=0 rise=1 failed!

srf_ref             =  1.59119e+10
c_small_1g          =  7.40172e-15
c_small_5g          =  7.40000e-15
c_small_10g         =  7.39456e-15
c_small_20g         =  7.37286e-15
q_small_1g          =  3.19191e+02
q_small_5g          =  6.38383e+01
q_small_10g         =  3.19192e+01
q_small_20g         =  1.59596e+01
c_mid_1g            =  7.51263e-14
c_mid_5g            =  7.09936e-14
c_mid_10g           =  6.05797e-14
c_mid_20g           =  3.81785e-14
q_mid_1g            =  2.02803e+01
q_mid_5g            =  4.05607e+00
q_mid_10g           =  2.02804e+00
q_mid_20g           =  1.01402e+00
c_large_1g          =  3.63208e-13
c_large_5g          =  1.05431e-13
c_large_10g         =  3.27644e-14
c_large_20g         =  8.72103e-15
q_large_1g          =  2.96918e+00
q_large_5g          =  5.93836e-01
q_large_10g         =  2.96919e-01
q_large_20g         =  1.48460e-01
c_xlarge_1g         =  1.45283e-12
c_xlarge_5g         =  4.21725e-13
c_xlarge_10g        =  1.31058e-13
c_xlarge_20g        =  3.48841e-14
q_xlarge_1g         =  2.96918e+00
q_xlarge_5g         =  5.93836e-01
q_xlarge_10g        =  2.96919e-01
q_xlarge_20g        =  1.48460e-01
l_ref_1g            =  1.00356e-09
q_ref_1g            =  3.12793e+00
Doing analysis at TEMP = 125.000000 and TNOM = 27.000000

Using SPARSE 1.3 as Direct Linear Solver

No. of Data Rows : 174
Note: Simulation executed from .control section 
