Warning: m=xx on .subckt line will override multiplier m hierarchy!


Note: Compatibility modes selected: hs a


Circuit: * tb_mos_varactor_vscan -- sg13g2 sg13_hv_svaricap c(v), dc/dv and q(v,f) scan

Doing analysis at TEMP = -40.000000 and TNOM = 27.000000

Using SPARSE 1.3 as Direct Linear Solver

No. of Data Rows : 1739

Error: measure  srf_small  when(WHEN) : out of interval
 meas ac srf_small when zsmall=0 rise=1 failed!


Error: measure  srf_mid  when(WHEN) : out of interval
 meas ac srf_mid when zmid=0 rise=1 failed!


Error: measure  srf_large  when(WHEN) : out of interval
 meas ac srf_large when zlarge=0 rise=1 failed!


Error: measure  srf_xlarge  when(WHEN) : out of interval
 meas ac srf_xlarge when zxlarge=0 rise=1 failed!

srf_ref             =  1.59119e+10
c_small_1g          =  8.96058e-15
c_small_5g          =  8.95746e-15
c_small_10g         =  8.94767e-15
c_small_20g         =  8.90873e-15
q_small_1g          =  2.61788e+02
q_small_5g          =  5.23578e+01
q_small_10g         =  2.61789e+01
q_small_20g         =  1.30894e+01
c_mid_1g            =  9.33500e-14
c_mid_5g            =  8.56204e-14
c_mid_10g           =  6.80199e-14
c_mid_20g           =  3.73274e-14
q_mid_1g            =  1.62742e+01
q_mid_5g            =  3.25485e+00
q_mid_10g           =  1.62743e+00
q_mid_20g           =  8.13717e-01
c_large_1g          =  4.33865e-13
c_large_5g          =  9.21208e-14
c_large_10g         =  2.66134e-14
c_large_20g         =  6.92267e-15
q_large_1g          =  2.33868e+00
q_large_5g          =  4.67737e-01
q_large_10g         =  2.33870e-01
q_large_20g         =  1.16937e-01
c_xlarge_1g         =  1.73546e-12
c_xlarge_5g         =  3.68483e-13
c_xlarge_10g        =  1.06453e-13
c_xlarge_20g        =  2.76907e-14
q_xlarge_1g         =  2.33868e+00
q_xlarge_5g         =  4.67737e-01
q_xlarge_10g        =  2.33870e-01
q_xlarge_20g        =  1.16937e-01
l_ref_1g            =  1.00356e-09
q_ref_1g            =  3.12793e+00
Doing analysis at TEMP = -40.000000 and TNOM = 27.000000

Using SPARSE 1.3 as Direct Linear Solver

No. of Data Rows : 174
Note: Simulation executed from .control section 
