Warning: m=xx on .subckt line will override multiplier m hierarchy!


Note: Compatibility modes selected: hs a


Circuit: * tb_mos_varactor_vscan -- sg13g2 sg13_hv_svaricap c(v), dc/dv and q(v,f) scan

Doing analysis at TEMP = -40.000000 and TNOM = 27.000000

Using SPARSE 1.3 as Direct Linear Solver

No. of Data Rows : 1739

Error: measure  srf_small  when(WHEN) : out of interval
 meas ac srf_small when zsmall=0 rise=1 failed!


Error: measure  srf_mid  when(WHEN) : out of interval
 meas ac srf_mid when zmid=0 rise=1 failed!


Error: measure  srf_large  when(WHEN) : out of interval
 meas ac srf_large when zlarge=0 rise=1 failed!


Error: measure  srf_xlarge  when(WHEN) : out of interval
 meas ac srf_xlarge when zxlarge=0 rise=1 failed!

srf_ref             =  1.59119e+10
c_small_1g          =  5.58959e-15
c_small_5g          =  5.58887e-15
c_small_10g         =  5.58653e-15
c_small_20g         =  5.57719e-15
q_small_1g          =  4.23063e+02
q_small_5g          =  8.46132e+01
q_small_10g         =  4.23067e+01
q_small_20g         =  2.11533e+01
c_mid_1g            =  5.36747e-14
c_mid_5g            =  5.21274e-14
c_mid_10g           =  4.78195e-14
c_mid_20g           =  3.59392e-14
q_mid_1g            =  2.84173e+01
q_mid_5g            =  5.68346e+00
q_mid_10g           =  2.84173e+00
q_mid_20g           =  1.42087e+00
c_large_1g          =  2.62265e-13
c_large_5g          =  1.18899e-13
c_large_10g         =  4.39027e-14
c_large_20g         =  1.24616e-14
q_large_1g          =  4.34790e+00
q_large_5g          =  8.69582e-01
q_large_10g         =  4.34792e-01
q_large_20g         =  2.17397e-01
c_xlarge_1g         =  1.04906e-12
c_xlarge_5g         =  4.75597e-13
c_xlarge_10g        =  1.75611e-13
c_xlarge_20g        =  4.98466e-14
q_xlarge_1g         =  4.34790e+00
q_xlarge_5g         =  8.69582e-01
q_xlarge_10g        =  4.34792e-01
q_xlarge_20g        =  2.17397e-01
l_ref_1g            =  1.00356e-09
q_ref_1g            =  3.12793e+00
Doing analysis at TEMP = -40.000000 and TNOM = 27.000000

Using SPARSE 1.3 as Direct Linear Solver

No. of Data Rows : 174
Note: Simulation executed from .control section 
