
Note: Compatibility modes selected: hs a


Circuit: * tb_diode_varactor_vscan -- sg13g2 dantenna/dpantenna reverse-bias c(v) scan

Doing analysis at TEMP = 125.000000 and TNOM = 27.000000

Using SPARSE 1.3 as Direct Linear Solver

No. of Data Rows : 1739

Error: measure  srf_dasm  when(WHEN) : out of interval
 meas ac srf_dasm when zdasm=0 rise=1 failed!


Error: measure  srf_dalg  when(WHEN) : out of interval
 meas ac srf_dalg when zdalg=0 rise=1 failed!


Error: measure  srf_dpsm  when(WHEN) : out of interval
 meas ac srf_dpsm when zdpsm=0 rise=1 failed!


Error: measure  srf_dplg  when(WHEN) : out of interval
 meas ac srf_dplg when zdplg=0 rise=1 failed!

srf_ref             =  1.59119e+10
c_dasm_1g           =  1.58543e-15
c_dasm_5g           =  1.79088e-16
c_dasm_10g          =  5.76580e-17
c_dasm_20g          =  1.59614e-17
q_dasm_1g           =  9.95682e-01
q_dasm_5g           =  2.82874e-01
q_dasm_10g          =  1.66187e-01
q_dasm_20g          =  8.86161e-02
c_dalg_1g           =  1.46493e-13
c_dalg_5g           =  1.21460e-14
c_dalg_10g          =  3.24794e-15
c_dalg_20g          =  8.32926e-16
q_dalg_1g           =  1.02995e+00
q_dalg_5g           =  2.15186e-01
q_dalg_10g          =  1.10777e-01
q_dalg_20g          =  5.61662e-02
c_dpsm_1g           =  1.91925e-15
c_dpsm_5g           =  2.78357e-16
c_dpsm_10g          =  7.84841e-17
c_dpsm_20g          =  2.03313e-17
q_dpsm_1g           =  1.61367e+00
q_dpsm_5g           =  3.53438e-01
q_dpsm_10g          =  1.81261e-01
q_dpsm_20g          =  9.13929e-02
c_dplg_1g           =  1.71771e-13
c_dplg_5g           =  2.11529e-14
c_dplg_10g          =  5.68494e-15
c_dplg_20g          =  1.44920e-15
q_dplg_1g           =  1.52235e+00
q_dplg_5g           =  3.08183e-01
q_dplg_10g          =  1.54706e-01
q_dplg_20g          =  7.74596e-02
l_ref_1g            =  1.00356e-09
q_ref_1g            =  3.12793e+00
Doing analysis at TEMP = 125.000000 and TNOM = 27.000000

Using SPARSE 1.3 as Direct Linear Solver

No. of Data Rows : 174
Note: Simulation executed from .control section 
