Warning: m=xx on .subckt line will override multiplier m hierarchy!


Note: Compatibility modes selected: hs a


Circuit: * tb_mos_varactor_vscan -- sg13g2 sg13_hv_svaricap c(v), dc/dv and q(v,f) scan

Doing analysis at TEMP = 125.000000 and TNOM = 27.000000

Using SPARSE 1.3 as Direct Linear Solver

No. of Data Rows : 1739

Error: measure  srf_small  when(WHEN) : out of interval
 meas ac srf_small when zsmall=0 rise=1 failed!


Error: measure  srf_mid  when(WHEN) : out of interval
 meas ac srf_mid when zmid=0 rise=1 failed!


Error: measure  srf_large  when(WHEN) : out of interval
 meas ac srf_large when zlarge=0 rise=1 failed!


Error: measure  srf_xlarge  when(WHEN) : out of interval
 meas ac srf_xlarge when zxlarge=0 rise=1 failed!

srf_ref             =  1.59119e+10
c_small_1g          =  6.25299e-15
c_small_5g          =  6.25197e-15
c_small_10g         =  6.24868e-15
c_small_20g         =  6.23557e-15
q_small_1g          =  3.77679e+02
q_small_5g          =  7.55363e+01
q_small_10g         =  3.77682e+01
q_small_20g         =  1.88841e+01
c_mid_1g            =  6.14461e-14
c_mid_5g            =  5.91435e-14
c_mid_10g           =  5.29435e-14
c_mid_20g           =  3.73022e-14
q_mid_1g            =  2.48083e+01
q_mid_5g            =  4.96167e+00
q_mid_10g           =  2.48084e+00
q_mid_20g           =  1.24042e+00
c_large_1g          =  3.00562e-13
c_large_5g          =  1.15047e-13
c_large_10g         =  3.92811e-14
c_large_20g         =  1.08086e-14
q_large_1g          =  3.72607e+00
q_large_5g          =  7.45215e-01
q_large_10g         =  3.72609e-01
q_large_20g         =  1.86305e-01
c_xlarge_1g         =  1.20225e-12
c_xlarge_5g         =  4.60188e-13
c_xlarge_10g        =  1.57124e-13
c_xlarge_20g        =  4.32343e-14
q_xlarge_1g         =  3.72607e+00
q_xlarge_5g         =  7.45215e-01
q_xlarge_10g        =  3.72609e-01
q_xlarge_20g        =  1.86305e-01
l_ref_1g            =  1.00356e-09
q_ref_1g            =  3.12793e+00
Doing analysis at TEMP = 125.000000 and TNOM = 27.000000

Using SPARSE 1.3 as Direct Linear Solver

No. of Data Rows : 174
Note: Simulation executed from .control section 
