
Note: Compatibility modes selected: hs a


Circuit: * tb_diode_varactor_vscan -- sg13g2 dantenna/dpantenna reverse-bias c(v) scan

Doing analysis at TEMP = 125.000000 and TNOM = 27.000000

Using SPARSE 1.3 as Direct Linear Solver

No. of Data Rows : 1739

Error: measure  srf_dasm  when(WHEN) : out of interval
 meas ac srf_dasm when zdasm=0 rise=1 failed!


Error: measure  srf_dalg  when(WHEN) : out of interval
 meas ac srf_dalg when zdalg=0 rise=1 failed!


Error: measure  srf_dpsm  when(WHEN) : out of interval
 meas ac srf_dpsm when zdpsm=0 rise=1 failed!


Error: measure  srf_dplg  when(WHEN) : out of interval
 meas ac srf_dplg when zdplg=0 rise=1 failed!

srf_ref             =  1.59119e+10
c_dasm_1g           =  1.54631e-15
c_dasm_5g           =  1.63300e-16
c_dasm_10g          =  5.31454e-17
c_dasm_20g          =  1.47572e-17
q_dasm_1g           =  8.40249e-01
q_dasm_5g           =  2.55210e-01
q_dasm_10g          =  1.52680e-01
q_dasm_20g          =  8.18560e-02
c_dalg_1g           =  1.43518e-13
c_dalg_5g           =  9.95865e-15
c_dalg_10g          =  2.65514e-15
c_dalg_20g          =  6.81303e-16
q_dalg_1g           =  8.20457e-01
q_dalg_5g           =  1.73837e-01
q_dalg_10g          =  9.02096e-02
q_dalg_20g          =  4.58968e-02
c_dpsm_1g           =  2.06869e-15
c_dpsm_5g           =  2.34235e-16
c_dpsm_10g          =  6.42073e-17
c_dpsm_20g          =  1.64847e-17
q_dpsm_1g           =  1.26984e+00
q_dpsm_5g           =  2.85782e-01
q_dpsm_10g          =  1.46596e-01
q_dpsm_20g          =  7.38798e-02
c_dplg_1g           =  1.84249e-13
c_dplg_5g           =  1.71570e-14
c_dplg_10g          =  4.49811e-15
c_dplg_20g          =  1.13887e-15
q_dplg_1g           =  1.18865e+00
q_dplg_5g           =  2.41588e-01
q_dplg_10g          =  1.21299e-01
q_dplg_20g          =  6.07312e-02
l_ref_1g            =  1.00356e-09
q_ref_1g            =  3.12793e+00
Doing analysis at TEMP = 125.000000 and TNOM = 27.000000

Using SPARSE 1.3 as Direct Linear Solver

No. of Data Rows : 174
Note: Simulation executed from .control section 
