
Note: Compatibility modes selected: hs a


Circuit: * tb_diode_varactor_vscan -- sg13g2 dantenna/dpantenna reverse-bias c(v) scan

Doing analysis at TEMP = -40.000000 and TNOM = 27.000000

Using SPARSE 1.3 as Direct Linear Solver

No. of Data Rows : 1739

Error: measure  srf_dasm  when(WHEN) : out of interval
 meas ac srf_dasm when zdasm=0 rise=1 failed!


Error: measure  srf_dalg  when(WHEN) : out of interval
 meas ac srf_dalg when zdalg=0 rise=1 failed!


Error: measure  srf_dpsm  when(WHEN) : out of interval
 meas ac srf_dpsm when zdpsm=0 rise=1 failed!


Error: measure  srf_dplg  when(WHEN) : out of interval
 meas ac srf_dplg when zdplg=0 rise=1 failed!

srf_ref             =  1.59119e+10
c_dasm_1g           =  1.55516e-15
c_dasm_5g           =  2.10997e-16
c_dasm_10g          =  6.67645e-17
c_dasm_20g          =  1.83465e-17
q_dasm_1g           =  1.33051e+00
q_dasm_5g           =  3.41636e-01
q_dasm_10g          =  1.93709e-01
q_dasm_20g          =  1.02032e-01
c_dalg_1g           =  1.42942e-13
c_dalg_5g           =  1.44249e-14
c_dalg_10g          =  3.88984e-15
c_dalg_20g          =  9.98613e-16
q_dalg_1g           =  1.26037e+00
q_dalg_5g           =  2.60651e-01
q_dalg_10g          =  1.33355e-01
q_dalg_20g          =  6.74270e-02
c_dpsm_1g           =  1.73810e-15
c_dpsm_5g           =  3.18580e-16
c_dpsm_10g          =  9.25463e-17
c_dpsm_20g          =  2.41974e-17
q_dpsm_1g           =  1.98374e+00
q_dpsm_5g           =  4.23747e-01
q_dpsm_10g          =  2.16622e-01
q_dpsm_20g          =  1.09154e-01
c_dplg_1g           =  1.55296e-13
c_dplg_5g           =  2.49371e-14
c_dplg_10g          =  6.91404e-15
c_dplg_20g          =  1.77800e-15
q_dplg_1g           =  1.88136e+00
q_dplg_5g           =  3.79550e-01
q_dplg_10g          =  1.90415e-01
q_dplg_20g          =  9.53251e-02
l_ref_1g            =  1.00356e-09
q_ref_1g            =  3.12793e+00
Doing analysis at TEMP = -40.000000 and TNOM = 27.000000

Using SPARSE 1.3 as Direct Linear Solver

No. of Data Rows : 174
Note: Simulation executed from .control section 
