
Note: Compatibility modes selected: hs a


Circuit: * tb_inductor_model_check -- known-answer + pvt check of sg13g2_inductor_analytic

Doing analysis at TEMP = 125.000000 and TNOM = 27.000000

Using SPARSE 1.3 as Direct Linear Solver

No. of Data Rows : 1739
srf_p1              =  2.40090e+11
srf_p13             =  1.43112e+10
srf_p11             =  1.41201e+10
l_p1_1g             =  1.03764e-10
l_p1_5g             =  1.03647e-10
l_p1_10g            =  1.03348e-10
q_p1_1g             =  1.87829e+00
q_p1_5g             =  8.68112e+00
q_p1_10g            =  1.43626e+01
zr_p1_1g            =  3.47107e-01
zi_p1_1g            =  6.51968e-01
zr_p1_5g            =  3.75088e-01
zi_p1_5g            =  3.25618e+00
zr_p1_10g           =  4.52116e-01
zi_p1_10g           =  6.49355e+00
zr_p1_20g           =  6.63173e-01
zi_p1_20g           =  1.29140e+01
l_p13_1g            =  5.44349e-09
l_p13_5g            =  6.16060e-09
l_p13_10g           =  1.03006e-08
q_p13_1g            =  3.86465e+00
q_p13_5g            =  1.04020e+01
q_p13_10g           =  5.47796e+00
zr_p13_1g           =  8.85008e+00
zi_p13_1g           =  3.42024e+01
zr_p13_5g           =  1.86061e+01
zi_p13_5g           =  1.93541e+02
zr_p13_10g          =  1.18155e+02
zi_p13_10g          =  6.47213e+02
zr_p13_20g          =  1.07580e+02
zi_p13_20g          =  -7.00744e+02
l_p11_1g            =  4.60031e-09
l_p11_5g            =  5.22739e-09
l_p11_10g           =  8.94564e-09
q_p11_1g            =  4.90347e+00
q_p11_5g            =  1.19029e+01
q_p11_10g           =  5.66047e+00
zr_p11_1g           =  5.89472e+00
zi_p11_1g           =  2.89046e+01
zr_p11_5g           =  1.37969e+01
zi_p11_5g           =  1.64223e+02
zr_p11_10g          =  9.93049e+01
zi_p11_10g          =  5.62076e+02
zr_p11_20g          =  8.05877e+01
zi_p11_20g          =  -5.62079e+02
Doing analysis at TEMP = 125.000000 and TNOM = 27.000000

Using SPARSE 1.3 as Direct Linear Solver

No. of Data Rows : 174
Note: Simulation executed from .control section 
