
Note: Compatibility modes selected: hs a


Circuit: * tb_inductor_model_check -- known-answer + pvt check of sg13g2_inductor_analytic

Doing analysis at TEMP = -40.000000 and TNOM = 27.000000

Using SPARSE 1.3 as Direct Linear Solver

No. of Data Rows : 1739
srf_p1              =  2.40894e+11
srf_p13             =  1.42978e+10
srf_p11             =  1.40983e+10
l_p1_1g             =  1.03722e-10
l_p1_5g             =  1.02821e-10
l_p1_10g            =  1.01531e-10
q_p1_1g             =  4.96487e+00
q_p1_5g             =  1.68251e+01
q_p1_10g            =  2.19058e+01
zr_p1_1g            =  1.31263e-01
zi_p1_1g            =  6.51703e-01
zr_p1_5g            =  1.91988e-01
zi_p1_5g            =  3.23021e+00
zr_p1_10g           =  2.91218e-01
zi_p1_10g           =  6.37936e+00
zr_p1_20g           =  4.32231e-01
zi_p1_20g           =  1.26428e+01
l_p13_1g            =  5.46037e-09
l_p13_5g            =  6.19806e-09
l_p13_10g           =  1.01212e-08
q_p13_1g            =  9.25835e+00
q_p13_5g            =  1.15198e+01
q_p13_10g           =  4.18274e+00
zr_p13_1g           =  3.70568e+00
zi_p13_1g           =  3.43085e+01
zr_p13_5g           =  1.69030e+01
zi_p13_5g           =  1.94718e+02
zr_p13_10g          =  1.52049e+02
zi_p13_10g          =  6.35939e+02
zr_p13_20g          =  1.57302e+02
zi_p13_20g          =  -6.79309e+02
l_p11_1g            =  4.61353e-09
l_p11_5g            =  5.25981e-09
l_p11_10g           =  8.78224e-09
q_p11_1g            =  1.19632e+01
q_p11_5g            =  1.22814e+01
q_p11_10g           =  4.13697e+00
zr_p11_1g           =  2.42307e+00
zi_p11_1g           =  2.89877e+01
zr_p11_5g           =  1.34548e+01
zi_p11_5g           =  1.65242e+02
zr_p11_10g          =  1.33395e+02
zi_p11_10g          =  5.51809e+02
zr_p11_20g          =  1.19979e+02
zi_p11_20g          =  -5.45424e+02
Doing analysis at TEMP = -40.000000 and TNOM = 27.000000

Using SPARSE 1.3 as Direct Linear Solver

No. of Data Rows : 174
Note: Simulation executed from .control section 
