
Note: Compatibility modes selected: hs a


Circuit: * tb_inductor_model_check -- known-answer + pvt check of sg13g2_inductor_analytic

Doing analysis at TEMP = 125.000000 and TNOM = 27.000000

Using SPARSE 1.3 as Direct Linear Solver

No. of Data Rows : 1739
srf_p1              =  2.39811e+11
srf_p13             =  1.42301e+10
srf_p11             =  1.40429e+10
l_p1_1g             =  1.03766e-10
l_p1_5g             =  1.03719e-10
l_p1_10g            =  1.03588e-10
q_p1_1g             =  1.42698e+00
q_p1_5g             =  6.80426e+00
q_p1_10g            =  1.19895e+01
zr_p1_1g            =  4.56897e-01
zi_p1_1g            =  6.51983e-01
zr_p1_5g            =  4.78881e-01
zi_p1_5g            =  3.25843e+00
zr_p1_10g           =  5.42859e-01
zi_p1_10g           =  6.50861e+00
zr_p1_20g           =  7.45202e-01
zi_p1_20g           =  1.29838e+01
l_p13_1g            =  5.44870e-09
l_p13_5g            =  6.18593e-09
l_p13_10g           =  1.00984e-08
q_p13_1g            =  3.08362e+00
q_p13_5g            =  7.59312e+00
q_p13_10g           =  3.60925e+00
zr_p13_1g           =  1.11023e+01
zi_p13_1g           =  3.42352e+01
zr_p13_5g           =  2.55939e+01
zi_p13_5g           =  1.94337e+02
zr_p13_10g          =  1.75811e+02
zi_p13_10g          =  6.34509e+02
zr_p13_20g          =  1.60553e+02
zi_p13_20g          =  -6.69976e+02
l_p11_1g            =  4.60586e-09
l_p11_5g            =  5.25211e-09
l_p11_10g           =  8.76786e-09
q_p11_1g            =  3.85633e+00
q_p11_5g            =  8.48476e+00
q_p11_10g           =  3.65913e+00
zr_p11_1g           =  7.50441e+00
zi_p11_1g           =  2.89395e+01
zr_p11_5g           =  1.94467e+01
zi_p11_5g           =  1.65000e+02
zr_p11_10g          =  1.50567e+02
zi_p11_10g          =  5.50905e+02
zr_p11_20g          =  1.22080e+02
zi_p11_20g          =  -5.39583e+02
Doing analysis at TEMP = 125.000000 and TNOM = 27.000000

Using SPARSE 1.3 as Direct Linear Solver

No. of Data Rows : 174
Note: Simulation executed from .control section 
