
Note: Compatibility modes selected: hs a


Circuit: * tb_inductor_model_check -- known-answer + pvt check of sg13g2_inductor_analytic

Doing analysis at TEMP = -40.000000 and TNOM = 27.000000

Using SPARSE 1.3 as Direct Linear Solver

No. of Data Rows : 1739
srf_p1              =  2.40396e+11
srf_p13             =  1.43067e+10
srf_p11             =  1.41127e+10
l_p1_1g             =  1.03758e-10
l_p1_5g             =  1.03499e-10
l_p1_10g            =  1.02903e-10
q_p1_1g             =  2.61485e+00
q_p1_5g             =  1.13353e+01
q_p1_10g            =  1.70312e+01
zr_p1_1g            =  2.49319e-01
zi_p1_1g            =  6.51931e-01
zr_p1_5g            =  2.86849e-01
zi_p1_5g            =  3.25153e+00
zr_p1_10g           =  3.79631e-01
zi_p1_10g           =  6.46559e+00
zr_p1_20g           =  5.82893e-01
zi_p1_20g           =  1.28170e+01
l_p13_1g            =  5.45206e-09
l_p13_5g            =  6.17771e-09
l_p13_10g           =  1.02582e-08
q_p13_1g            =  5.61322e+00
q_p13_5g            =  1.14733e+01
q_p13_10g           =  5.00313e+00
zr_p13_1g           =  6.10279e+00
zi_p13_1g           =  3.42563e+01
zr_p13_5g           =  1.69157e+01
zi_p13_5g           =  1.94079e+02
zr_p13_10g          =  1.28837e+02
zi_p13_10g          =  6.44547e+02
zr_p13_20g          =  1.26600e+02
zi_p13_20g          =  -6.93935e+02
l_p11_1g            =  4.60671e-09
l_p11_5g            =  5.24094e-09
l_p11_10g           =  8.90193e-09
q_p11_1g            =  6.99613e+00
q_p11_5g            =  1.25860e+01
q_p11_10g           =  5.03602e+00
zr_p11_1g           =  4.13726e+00
zi_p11_1g           =  2.89448e+01
zr_p11_5g           =  1.30820e+01
zi_p11_5g           =  1.64649e+02
zr_p11_10g          =  1.11073e+02
zi_p11_10g          =  5.59330e+02
zr_p11_20g          =  9.58043e+01
zi_p11_20g          =  -5.56726e+02
Doing analysis at TEMP = -40.000000 and TNOM = 27.000000

Using SPARSE 1.3 as Direct Linear Solver

No. of Data Rows : 174
Note: Simulation executed from .control section 
