
Note: Compatibility modes selected: hs a


Circuit: * tb_period_count_known_answer -- known-answer check of the period-count

Doing analysis at TEMP = 27.000000 and TNOM = 27.000000

Using SPARSE 1.3 as Direct Linear Solver

Initial Transient Solution
--------------------------

Node                                   Voltage
----                                   -------
pure_lo                                    3.3
pure_mid                                   3.3
pure_hi                                    3.3
ramp                                       3.3
dc_only                                    3.3
bdconly#branch                        -3.3e-09
bramp#branch                          -3.3e-09
bpure_hi#branch                       -3.3e-09
bpure_mid#branch                      -3.3e-09
bpure_lo#branch                       -3.3e-09


No. of Data Rows : 2011
Note: Simulation executed from .control section 
